2026.06.07 18:23:29 INFO  Started: Metals version 1.6.7 in folders 'C:\Users\Lucas\Documents\trabalho\codes\poo-pbl-grupo-temp' for client Visual Studio Code 1.123.0.
2026.06.07 18:23:29 INFO  Memory monitor started
2026.06.07 18:23:29 WARN  Using H2 2.4.240 which is newer than the version Flyway has been verified with. The latest verified version of H2 is 2.3.232.
jun. 07, 2026 6:24:23 PM org.eclipse.lsp4j.jsonrpc.RemoteEndpoint handleNotification
WARNING: Notification threw an exception: {
  "jsonrpc": "2.0",
  "method": "metals/didFocusTextDocument",
  "params": [
    "class:/c%3A/Users/Lucas/Documents/trabalho/codes/poo-pbl-grupo-temp/target/test-classes/domain/model/GrupoTest.class"
  ]
}
java.nio.file.FileSystemNotFoundException: Provider "class" not installed
	at java.base/java.nio.file.Path.of(Path.java:213)
	at java.base/java.nio.file.Paths.get(Paths.java:98)
	at scala.meta.internal.mtags.MtagsEnrichments$XtensionURIMtags.toAbsolutePath(MtagsEnrichments.scala:149)
	at scala.meta.internal.mtags.MtagsEnrichments$XtensionStringMtags.toAbsolutePath(MtagsEnrichments.scala:209)
	at scala.meta.internal.metals.MetalsEnrichments$XtensionString.toAbsolutePath(MetalsEnrichments.scala:787)
	at scala.meta.internal.metals.MetalsEnrichments$XtensionString.toAbsolutePath(MetalsEnrichments.scala:784)
	at scala.meta.internal.metals.WorkspaceLspService.didFocus(WorkspaceLspService.scala:808)
	at scala.meta.metals.lsp.DelegatingScalaService.didFocus(DelegatingScalaService.scala:42)
	at java.base/jdk.internal.reflect.DirectMethodHandleAccessor.invoke(DirectMethodHandleAccessor.java:103)
	at java.base/java.lang.reflect.Method.invoke(Method.java:580)
	at org.eclipse.lsp4j.jsonrpc.services.GenericEndpoint.lambda$recursiveFindRpcMethods$0(GenericEndpoint.java:65)
	at org.eclipse.lsp4j.jsonrpc.services.GenericEndpoint.notify(GenericEndpoint.java:160)
	at org.eclipse.lsp4j.jsonrpc.RemoteEndpoint.handleNotification(RemoteEndpoint.java:225)
	at org.eclipse.lsp4j.jsonrpc.RemoteEndpoint.consume(RemoteEndpoint.java:192)
	at org.eclipse.lsp4j.jsonrpc.json.StreamMessageProducer.handleMessage(StreamMessageProducer.java:189)
	at org.eclipse.lsp4j.jsonrpc.json.StreamMessageProducer.listen(StreamMessageProducer.java:97)
	at org.eclipse.lsp4j.jsonrpc.json.ConcurrentMessageProcessor.run(ConcurrentMessageProcessor.java:97)
	at java.base/java.util.concurrent.Executors$RunnableAdapter.call(Executors.java:572)
	at java.base/java.util.concurrent.FutureTask.run(FutureTask.java:317)
	at java.base/java.util.concurrent.ThreadPoolExecutor.runWorker(ThreadPoolExecutor.java:1144)
	at java.base/java.util.concurrent.ThreadPoolExecutor$Worker.run(ThreadPoolExecutor.java:642)
	at java.base/java.lang.Thread.run(Thread.java:1583)

jun. 07, 2026 6:24:24 PM org.eclipse.lsp4j.jsonrpc.RemoteEndpoint handleNotification
WARNING: Notification threw an exception: {
  "jsonrpc": "2.0",
  "method": "metals/didFocusTextDocument",
  "params": [
    "class:/c%3A/Users/Lucas/Documents/trabalho/codes/poo-pbl-grupo-temp/target/test-classes/domain/model/GrupoTest.class"
  ]
}
java.nio.file.FileSystemNotFoundException: Provider "class" not installed
	at java.base/java.nio.file.Path.of(Path.java:213)
	at java.base/java.nio.file.Paths.get(Paths.java:98)
	at scala.meta.internal.mtags.MtagsEnrichments$XtensionURIMtags.toAbsolutePath(MtagsEnrichments.scala:149)
	at scala.meta.internal.mtags.MtagsEnrichments$XtensionStringMtags.toAbsolutePath(MtagsEnrichments.scala:209)
	at scala.meta.internal.metals.MetalsEnrichments$XtensionString.toAbsolutePath(MetalsEnrichments.scala:787)
	at scala.meta.internal.metals.MetalsEnrichments$XtensionString.toAbsolutePath(MetalsEnrichments.scala:784)
	at scala.meta.internal.metals.WorkspaceLspService.didFocus(WorkspaceLspService.scala:808)
	at scala.meta.metals.lsp.DelegatingScalaService.didFocus(DelegatingScalaService.scala:42)
	at java.base/jdk.internal.reflect.DirectMethodHandleAccessor.invoke(DirectMethodHandleAccessor.java:103)
	at java.base/java.lang.reflect.Method.invoke(Method.java:580)
	at org.eclipse.lsp4j.jsonrpc.services.GenericEndpoint.lambda$recursiveFindRpcMethods$0(GenericEndpoint.java:65)
	at org.eclipse.lsp4j.jsonrpc.services.GenericEndpoint.notify(GenericEndpoint.java:160)
	at org.eclipse.lsp4j.jsonrpc.RemoteEndpoint.handleNotification(RemoteEndpoint.java:225)
	at org.eclipse.lsp4j.jsonrpc.RemoteEndpoint.consume(RemoteEndpoint.java:192)
	at org.eclipse.lsp4j.jsonrpc.json.StreamMessageProducer.handleMessage(StreamMessageProducer.java:189)
	at org.eclipse.lsp4j.jsonrpc.json.StreamMessageProducer.listen(StreamMessageProducer.java:97)
	at org.eclipse.lsp4j.jsonrpc.json.ConcurrentMessageProcessor.run(ConcurrentMessageProcessor.java:97)
	at java.base/java.util.concurrent.Executors$RunnableAdapter.call(Executors.java:572)
	at java.base/java.util.concurrent.FutureTask.run(FutureTask.java:317)
	at java.base/java.util.concurrent.ThreadPoolExecutor.runWorker(ThreadPoolExecutor.java:1144)
	at java.base/java.util.concurrent.ThreadPoolExecutor$Worker.run(ThreadPoolExecutor.java:642)
	at java.base/java.lang.Thread.run(Thread.java:1583)

jun. 07, 2026 6:24:24 PM org.eclipse.lsp4j.jsonrpc.RemoteEndpoint handleNotification
WARNING: Notification threw an exception: {
  "jsonrpc": "2.0",
  "method": "metals/didFocusTextDocument",
  "params": [
    "class:/c%3A/Users/Lucas/Documents/trabalho/codes/poo-pbl-grupo-temp/target/test-classes/domain/strategy/DivisaoTest.class"
  ]
}
java.nio.file.FileSystemNotFoundException: Provider "class" not installed
	at java.base/java.nio.file.Path.of(Path.java:213)
	at java.base/java.nio.file.Paths.get(Paths.java:98)
	at scala.meta.internal.mtags.MtagsEnrichments$XtensionURIMtags.toAbsolutePath(MtagsEnrichments.scala:149)
	at scala.meta.internal.mtags.MtagsEnrichments$XtensionStringMtags.toAbsolutePath(MtagsEnrichments.scala:209)
	at scala.meta.internal.metals.MetalsEnrichments$XtensionString.toAbsolutePath(MetalsEnrichments.scala:787)
	at scala.meta.internal.metals.MetalsEnrichments$XtensionString.toAbsolutePath(MetalsEnrichments.scala:784)
	at scala.meta.internal.metals.WorkspaceLspService.didFocus(WorkspaceLspService.scala:808)
	at scala.meta.metals.lsp.DelegatingScalaService.didFocus(DelegatingScalaService.scala:42)
	at java.base/jdk.internal.reflect.DirectMethodHandleAccessor.invoke(DirectMethodHandleAccessor.java:103)
	at java.base/java.lang.reflect.Method.invoke(Method.java:580)
	at org.eclipse.lsp4j.jsonrpc.services.GenericEndpoint.lambda$recursiveFindRpcMethods$0(GenericEndpoint.java:65)
	at org.eclipse.lsp4j.jsonrpc.services.GenericEndpoint.notify(GenericEndpoint.java:160)
	at org.eclipse.lsp4j.jsonrpc.RemoteEndpoint.handleNotification(RemoteEndpoint.java:225)
	at org.eclipse.lsp4j.jsonrpc.RemoteEndpoint.consume(RemoteEndpoint.java:192)
	at org.eclipse.lsp4j.jsonrpc.json.StreamMessageProducer.handleMessage(StreamMessageProducer.java:189)
	at org.eclipse.lsp4j.jsonrpc.json.StreamMessageProducer.listen(StreamMessageProducer.java:97)
	at org.eclipse.lsp4j.jsonrpc.json.ConcurrentMessageProcessor.run(ConcurrentMessageProcessor.java:97)
	at java.base/java.util.concurrent.Executors$RunnableAdapter.call(Executors.java:572)
	at java.base/java.util.concurrent.FutureTask.run(FutureTask.java:317)
	at java.base/java.util.concurrent.ThreadPoolExecutor.runWorker(ThreadPoolExecutor.java:1144)
	at java.base/java.util.concurrent.ThreadPoolExecutor$Worker.run(ThreadPoolExecutor.java:642)
	at java.base/java.lang.Thread.run(Thread.java:1583)

jun. 07, 2026 6:24:25 PM org.eclipse.lsp4j.jsonrpc.RemoteEndpoint handleNotification
WARNING: Notification threw an exception: {
  "jsonrpc": "2.0",
  "method": "metals/didFocusTextDocument",
  "params": [
    "class:/c%3A/Users/Lucas/Documents/trabalho/codes/poo-pbl-grupo-temp/target/test-classes/domain/strategy/DivisaoTest.class"
  ]
}
java.nio.file.FileSystemNotFoundException: Provider "class" not installed
	at java.base/java.nio.file.Path.of(Path.java:213)
	at java.base/java.nio.file.Paths.get(Paths.java:98)
	at scala.meta.internal.mtags.MtagsEnrichments$XtensionURIMtags.toAbsolutePath(MtagsEnrichments.scala:149)
	at scala.meta.internal.mtags.MtagsEnrichments$XtensionStringMtags.toAbsolutePath(MtagsEnrichments.scala:209)
	at scala.meta.internal.metals.MetalsEnrichments$XtensionString.toAbsolutePath(MetalsEnrichments.scala:787)
	at scala.meta.internal.metals.MetalsEnrichments$XtensionString.toAbsolutePath(MetalsEnrichments.scala:784)
	at scala.meta.internal.metals.WorkspaceLspService.didFocus(WorkspaceLspService.scala:808)
	at scala.meta.metals.lsp.DelegatingScalaService.didFocus(DelegatingScalaService.scala:42)
	at java.base/jdk.internal.reflect.DirectMethodHandleAccessor.invoke(DirectMethodHandleAccessor.java:103)
	at java.base/java.lang.reflect.Method.invoke(Method.java:580)
	at org.eclipse.lsp4j.jsonrpc.services.GenericEndpoint.lambda$recursiveFindRpcMethods$0(GenericEndpoint.java:65)
	at org.eclipse.lsp4j.jsonrpc.services.GenericEndpoint.notify(GenericEndpoint.java:160)
	at org.eclipse.lsp4j.jsonrpc.RemoteEndpoint.handleNotification(RemoteEndpoint.java:225)
	at org.eclipse.lsp4j.jsonrpc.RemoteEndpoint.consume(RemoteEndpoint.java:192)
	at org.eclipse.lsp4j.jsonrpc.json.StreamMessageProducer.handleMessage(StreamMessageProducer.java:189)
	at org.eclipse.lsp4j.jsonrpc.json.StreamMessageProducer.listen(StreamMessageProducer.java:97)
	at org.eclipse.lsp4j.jsonrpc.json.ConcurrentMessageProcessor.run(ConcurrentMessageProcessor.java:97)
	at java.base/java.util.concurrent.Executors$RunnableAdapter.call(Executors.java:572)
	at java.base/java.util.concurrent.FutureTask.run(FutureTask.java:317)
	at java.base/java.util.concurrent.ThreadPoolExecutor.runWorker(ThreadPoolExecutor.java:1144)
	at java.base/java.util.concurrent.ThreadPoolExecutor$Worker.run(ThreadPoolExecutor.java:642)
	at java.base/java.lang.Thread.run(Thread.java:1583)

jun. 07, 2026 6:24:27 PM org.eclipse.lsp4j.jsonrpc.RemoteEndpoint handleNotification
WARNING: Notification threw an exception: {
  "jsonrpc": "2.0",
  "method": "metals/didFocusTextDocument",
  "params": [
    "class:/c%3A/Users/Lucas/Documents/trabalho/codes/poo-pbl-grupo-temp/target/test-classes/domain/strategy/DivisaoTest.class"
  ]
}
java.nio.file.FileSystemNotFoundException: Provider "class" not installed
	at java.base/java.nio.file.Path.of(Path.java:213)
	at java.base/java.nio.file.Paths.get(Paths.java:98)
	at scala.meta.internal.mtags.MtagsEnrichments$XtensionURIMtags.toAbsolutePath(MtagsEnrichments.scala:149)
	at scala.meta.internal.mtags.MtagsEnrichments$XtensionStringMtags.toAbsolutePath(MtagsEnrichments.scala:209)
	at scala.meta.internal.metals.MetalsEnrichments$XtensionString.toAbsolutePath(MetalsEnrichments.scala:787)
	at scala.meta.internal.metals.MetalsEnrichments$XtensionString.toAbsolutePath(MetalsEnrichments.scala:784)
	at scala.meta.internal.metals.WorkspaceLspService.didFocus(WorkspaceLspService.scala:808)
	at scala.meta.metals.lsp.DelegatingScalaService.didFocus(DelegatingScalaService.scala:42)
	at java.base/jdk.internal.reflect.DirectMethodHandleAccessor.invoke(DirectMethodHandleAccessor.java:103)
	at java.base/java.lang.reflect.Method.invoke(Method.java:580)
	at org.eclipse.lsp4j.jsonrpc.services.GenericEndpoint.lambda$recursiveFindRpcMethods$0(GenericEndpoint.java:65)
	at org.eclipse.lsp4j.jsonrpc.services.GenericEndpoint.notify(GenericEndpoint.java:160)
	at org.eclipse.lsp4j.jsonrpc.RemoteEndpoint.handleNotification(RemoteEndpoint.java:225)
	at org.eclipse.lsp4j.jsonrpc.RemoteEndpoint.consume(RemoteEndpoint.java:192)
	at org.eclipse.lsp4j.jsonrpc.json.StreamMessageProducer.handleMessage(StreamMessageProducer.java:189)
	at org.eclipse.lsp4j.jsonrpc.json.StreamMessageProducer.listen(StreamMessageProducer.java:97)
	at org.eclipse.lsp4j.jsonrpc.json.ConcurrentMessageProcessor.run(ConcurrentMessageProcessor.java:97)
	at java.base/java.util.concurrent.Executors$RunnableAdapter.call(Executors.java:572)
	at java.base/java.util.concurrent.FutureTask.run(FutureTask.java:317)
	at java.base/java.util.concurrent.ThreadPoolExecutor.runWorker(ThreadPoolExecutor.java:1144)
	at java.base/java.util.concurrent.ThreadPoolExecutor$Worker.run(ThreadPoolExecutor.java:642)
	at java.base/java.lang.Thread.run(Thread.java:1583)

jun. 07, 2026 6:24:27 PM org.eclipse.lsp4j.jsonrpc.RemoteEndpoint handleNotification
WARNING: Notification threw an exception: {
  "jsonrpc": "2.0",
  "method": "metals/didFocusTextDocument",
  "params": [
    "class:/c%3A/Users/Lucas/Documents/trabalho/codes/poo-pbl-grupo-temp/target/test-classes/domain/value_objects/DinheiroTest.class"
  ]
}
java.nio.file.FileSystemNotFoundException: Provider "class" not installed
	at java.base/java.nio.file.Path.of(Path.java:213)
	at java.base/java.nio.file.Paths.get(Paths.java:98)
	at scala.meta.internal.mtags.MtagsEnrichments$XtensionURIMtags.toAbsolutePath(MtagsEnrichments.scala:149)
	at scala.meta.internal.mtags.MtagsEnrichments$XtensionStringMtags.toAbsolutePath(MtagsEnrichments.scala:209)
	at scala.meta.internal.metals.MetalsEnrichments$XtensionString.toAbsolutePath(MetalsEnrichments.scala:787)
	at scala.meta.internal.metals.MetalsEnrichments$XtensionString.toAbsolutePath(MetalsEnrichments.scala:784)
	at scala.meta.internal.metals.WorkspaceLspService.didFocus(WorkspaceLspService.scala:808)
	at scala.meta.metals.lsp.DelegatingScalaService.didFocus(DelegatingScalaService.scala:42)
	at java.base/jdk.internal.reflect.DirectMethodHandleAccessor.invoke(DirectMethodHandleAccessor.java:103)
	at java.base/java.lang.reflect.Method.invoke(Method.java:580)
	at org.eclipse.lsp4j.jsonrpc.services.GenericEndpoint.lambda$recursiveFindRpcMethods$0(GenericEndpoint.java:65)
	at org.eclipse.lsp4j.jsonrpc.services.GenericEndpoint.notify(GenericEndpoint.java:160)
	at org.eclipse.lsp4j.jsonrpc.RemoteEndpoint.handleNotification(RemoteEndpoint.java:225)
	at org.eclipse.lsp4j.jsonrpc.RemoteEndpoint.consume(RemoteEndpoint.java:192)
	at org.eclipse.lsp4j.jsonrpc.json.StreamMessageProducer.handleMessage(StreamMessageProducer.java:189)
	at org.eclipse.lsp4j.jsonrpc.json.StreamMessageProducer.listen(StreamMessageProducer.java:97)
	at org.eclipse.lsp4j.jsonrpc.json.ConcurrentMessageProcessor.run(ConcurrentMessageProcessor.java:97)
	at java.base/java.util.concurrent.Executors$RunnableAdapter.call(Executors.java:572)
	at java.base/java.util.concurrent.FutureTask.run(FutureTask.java:317)
	at java.base/java.util.concurrent.ThreadPoolExecutor.runWorker(ThreadPoolExecutor.java:1144)
	at java.base/java.util.concurrent.ThreadPoolExecutor$Worker.run(ThreadPoolExecutor.java:642)
	at java.base/java.lang.Thread.run(Thread.java:1583)

jun. 07, 2026 6:28:42 PM org.eclipse.lsp4j.jsonrpc.RemoteEndpoint handleNotification
WARNING: Notification threw an exception: {
  "jsonrpc": "2.0",
  "method": "metals/didFocusTextDocument",
  "params": [
    "class:/c%3A/Users/Lucas/Documents/trabalho/codes/poo-pbl-grupo-temp/target/test-classes/domain/model/GrupoTest.class"
  ]
}
java.nio.file.FileSystemNotFoundException: Provider "class" not installed
	at java.base/java.nio.file.Path.of(Path.java:213)
	at java.base/java.nio.file.Paths.get(Paths.java:98)
	at scala.meta.internal.mtags.MtagsEnrichments$XtensionURIMtags.toAbsolutePath(MtagsEnrichments.scala:149)
	at scala.meta.internal.mtags.MtagsEnrichments$XtensionStringMtags.toAbsolutePath(MtagsEnrichments.scala:209)
	at scala.meta.internal.metals.MetalsEnrichments$XtensionString.toAbsolutePath(MetalsEnrichments.scala:787)
	at scala.meta.internal.metals.MetalsEnrichments$XtensionString.toAbsolutePath(MetalsEnrichments.scala:784)
	at scala.meta.internal.metals.WorkspaceLspService.didFocus(WorkspaceLspService.scala:808)
	at scala.meta.metals.lsp.DelegatingScalaService.didFocus(DelegatingScalaService.scala:42)
	at java.base/jdk.internal.reflect.DirectMethodHandleAccessor.invoke(DirectMethodHandleAccessor.java:103)
	at java.base/java.lang.reflect.Method.invoke(Method.java:580)
	at org.eclipse.lsp4j.jsonrpc.services.GenericEndpoint.lambda$recursiveFindRpcMethods$0(GenericEndpoint.java:65)
	at org.eclipse.lsp4j.jsonrpc.services.GenericEndpoint.notify(GenericEndpoint.java:160)
	at org.eclipse.lsp4j.jsonrpc.RemoteEndpoint.handleNotification(RemoteEndpoint.java:225)
	at org.eclipse.lsp4j.jsonrpc.RemoteEndpoint.consume(RemoteEndpoint.java:192)
	at org.eclipse.lsp4j.jsonrpc.json.StreamMessageProducer.handleMessage(StreamMessageProducer.java:189)
	at org.eclipse.lsp4j.jsonrpc.json.StreamMessageProducer.listen(StreamMessageProducer.java:97)
	at org.eclipse.lsp4j.jsonrpc.json.ConcurrentMessageProcessor.run(ConcurrentMessageProcessor.java:97)
	at java.base/java.util.concurrent.Executors$RunnableAdapter.call(Executors.java:572)
	at java.base/java.util.concurrent.FutureTask.run(FutureTask.java:317)
	at java.base/java.util.concurrent.ThreadPoolExecutor.runWorker(ThreadPoolExecutor.java:1144)
	at java.base/java.util.concurrent.ThreadPoolExecutor$Worker.run(ThreadPoolExecutor.java:642)
	at java.base/java.lang.Thread.run(Thread.java:1583)

jun. 07, 2026 6:28:43 PM org.eclipse.lsp4j.jsonrpc.RemoteEndpoint handleNotification
WARNING: Notification threw an exception: {
  "jsonrpc": "2.0",
  "method": "metals/didFocusTextDocument",
  "params": [
    "class:/c%3A/Users/Lucas/Documents/trabalho/codes/poo-pbl-grupo-temp/target/test-classes/domain/model/GrupoTest.class"
  ]
}
java.nio.file.FileSystemNotFoundException: Provider "class" not installed
	at java.base/java.nio.file.Path.of(Path.java:213)
	at java.base/java.nio.file.Paths.get(Paths.java:98)
	at scala.meta.internal.mtags.MtagsEnrichments$XtensionURIMtags.toAbsolutePath(MtagsEnrichments.scala:149)
	at scala.meta.internal.mtags.MtagsEnrichments$XtensionStringMtags.toAbsolutePath(MtagsEnrichments.scala:209)
	at scala.meta.internal.metals.MetalsEnrichments$XtensionString.toAbsolutePath(MetalsEnrichments.scala:787)
	at scala.meta.internal.metals.MetalsEnrichments$XtensionString.toAbsolutePath(MetalsEnrichments.scala:784)
	at scala.meta.internal.metals.WorkspaceLspService.didFocus(WorkspaceLspService.scala:808)
	at scala.meta.metals.lsp.DelegatingScalaService.didFocus(DelegatingScalaService.scala:42)
	at java.base/jdk.internal.reflect.DirectMethodHandleAccessor.invoke(DirectMethodHandleAccessor.java:103)
	at java.base/java.lang.reflect.Method.invoke(Method.java:580)
	at org.eclipse.lsp4j.jsonrpc.services.GenericEndpoint.lambda$recursiveFindRpcMethods$0(GenericEndpoint.java:65)
	at org.eclipse.lsp4j.jsonrpc.services.GenericEndpoint.notify(GenericEndpoint.java:160)
	at org.eclipse.lsp4j.jsonrpc.RemoteEndpoint.handleNotification(RemoteEndpoint.java:225)
	at org.eclipse.lsp4j.jsonrpc.RemoteEndpoint.consume(RemoteEndpoint.java:192)
	at org.eclipse.lsp4j.jsonrpc.json.StreamMessageProducer.handleMessage(StreamMessageProducer.java:189)
	at org.eclipse.lsp4j.jsonrpc.json.StreamMessageProducer.listen(StreamMessageProducer.java:97)
	at org.eclipse.lsp4j.jsonrpc.json.ConcurrentMessageProcessor.run(ConcurrentMessageProcessor.java:97)
	at java.base/java.util.concurrent.Executors$RunnableAdapter.call(Executors.java:572)
	at java.base/java.util.concurrent.FutureTask.run(FutureTask.java:317)
	at java.base/java.util.concurrent.ThreadPoolExecutor.runWorker(ThreadPoolExecutor.java:1144)
	at java.base/java.util.concurrent.ThreadPoolExecutor$Worker.run(ThreadPoolExecutor.java:642)
	at java.base/java.lang.Thread.run(Thread.java:1583)

jun. 07, 2026 6:28:43 PM org.eclipse.lsp4j.jsonrpc.RemoteEndpoint handleNotification
WARNING: Notification threw an exception: {
  "jsonrpc": "2.0",
  "method": "metals/didFocusTextDocument",
  "params": [
    "class:/c%3A/Users/Lucas/Documents/trabalho/codes/poo-pbl-grupo-temp/target/test-classes/domain/model/MembroTest.class"
  ]
}
java.nio.file.FileSystemNotFoundException: Provider "class" not installed
	at java.base/java.nio.file.Path.of(Path.java:213)
	at java.base/java.nio.file.Paths.get(Paths.java:98)
	at scala.meta.internal.mtags.MtagsEnrichments$XtensionURIMtags.toAbsolutePath(MtagsEnrichments.scala:149)
	at scala.meta.internal.mtags.MtagsEnrichments$XtensionStringMtags.toAbsolutePath(MtagsEnrichments.scala:209)
	at scala.meta.internal.metals.MetalsEnrichments$XtensionString.toAbsolutePath(MetalsEnrichments.scala:787)
	at scala.meta.internal.metals.MetalsEnrichments$XtensionString.toAbsolutePath(MetalsEnrichments.scala:784)
	at scala.meta.internal.metals.WorkspaceLspService.didFocus(WorkspaceLspService.scala:808)
	at scala.meta.metals.lsp.DelegatingScalaService.didFocus(DelegatingScalaService.scala:42)
	at java.base/jdk.internal.reflect.DirectMethodHandleAccessor.invoke(DirectMethodHandleAccessor.java:103)
	at java.base/java.lang.reflect.Method.invoke(Method.java:580)
	at org.eclipse.lsp4j.jsonrpc.services.GenericEndpoint.lambda$recursiveFindRpcMethods$0(GenericEndpoint.java:65)
	at org.eclipse.lsp4j.jsonrpc.services.GenericEndpoint.notify(GenericEndpoint.java:160)
	at org.eclipse.lsp4j.jsonrpc.RemoteEndpoint.handleNotification(RemoteEndpoint.java:225)
	at org.eclipse.lsp4j.jsonrpc.RemoteEndpoint.consume(RemoteEndpoint.java:192)
	at org.eclipse.lsp4j.jsonrpc.json.StreamMessageProducer.handleMessage(StreamMessageProducer.java:189)
	at org.eclipse.lsp4j.jsonrpc.json.StreamMessageProducer.listen(StreamMessageProducer.java:97)
	at org.eclipse.lsp4j.jsonrpc.json.ConcurrentMessageProcessor.run(ConcurrentMessageProcessor.java:97)
	at java.base/java.util.concurrent.Executors$RunnableAdapter.call(Executors.java:572)
	at java.base/java.util.concurrent.FutureTask.run(FutureTask.java:317)
	at java.base/java.util.concurrent.ThreadPoolExecutor.runWorker(ThreadPoolExecutor.java:1144)
	at java.base/java.util.concurrent.ThreadPoolExecutor$Worker.run(ThreadPoolExecutor.java:642)
	at java.base/java.lang.Thread.run(Thread.java:1583)

jun. 07, 2026 6:28:48 PM org.eclipse.lsp4j.jsonrpc.RemoteEndpoint handleNotification
WARNING: Notification threw an exception: {
  "jsonrpc": "2.0",
  "method": "metals/didFocusTextDocument",
  "params": [
    "class:/c%3A/Users/Lucas/Documents/trabalho/codes/poo-pbl-grupo-temp/target/test-classes/domain/model/MembroTest.class"
  ]
}
java.nio.file.FileSystemNotFoundException: Provider "class" not installed
	at java.base/java.nio.file.Path.of(Path.java:213)
	at java.base/java.nio.file.Paths.get(Paths.java:98)
	at scala.meta.internal.mtags.MtagsEnrichments$XtensionURIMtags.toAbsolutePath(MtagsEnrichments.scala:149)
	at scala.meta.internal.mtags.MtagsEnrichments$XtensionStringMtags.toAbsolutePath(MtagsEnrichments.scala:209)
	at scala.meta.internal.metals.MetalsEnrichments$XtensionString.toAbsolutePath(MetalsEnrichments.scala:787)
	at scala.meta.internal.metals.MetalsEnrichments$XtensionString.toAbsolutePath(MetalsEnrichments.scala:784)
	at scala.meta.internal.metals.WorkspaceLspService.didFocus(WorkspaceLspService.scala:808)
	at scala.meta.metals.lsp.DelegatingScalaService.didFocus(DelegatingScalaService.scala:42)
	at java.base/jdk.internal.reflect.DirectMethodHandleAccessor.invoke(DirectMethodHandleAccessor.java:103)
	at java.base/java.lang.reflect.Method.invoke(Method.java:580)
	at org.eclipse.lsp4j.jsonrpc.services.GenericEndpoint.lambda$recursiveFindRpcMethods$0(GenericEndpoint.java:65)
	at org.eclipse.lsp4j.jsonrpc.services.GenericEndpoint.notify(GenericEndpoint.java:160)
	at org.eclipse.lsp4j.jsonrpc.RemoteEndpoint.handleNotification(RemoteEndpoint.java:225)
	at org.eclipse.lsp4j.jsonrpc.RemoteEndpoint.consume(RemoteEndpoint.java:192)
	at org.eclipse.lsp4j.jsonrpc.json.StreamMessageProducer.handleMessage(StreamMessageProducer.java:189)
	at org.eclipse.lsp4j.jsonrpc.json.StreamMessageProducer.listen(StreamMessageProducer.java:97)
	at org.eclipse.lsp4j.jsonrpc.json.ConcurrentMessageProcessor.run(ConcurrentMessageProcessor.java:97)
	at java.base/java.util.concurrent.Executors$RunnableAdapter.call(Executors.java:572)
	at java.base/java.util.concurrent.FutureTask.run(FutureTask.java:317)
	at java.base/java.util.concurrent.ThreadPoolExecutor.runWorker(ThreadPoolExecutor.java:1144)
	at java.base/java.util.concurrent.ThreadPoolExecutor$Worker.run(ThreadPoolExecutor.java:642)
	at java.base/java.lang.Thread.run(Thread.java:1583)

jun. 07, 2026 6:28:48 PM org.eclipse.lsp4j.jsonrpc.RemoteEndpoint handleNotification
WARNING: Notification threw an exception: {
  "jsonrpc": "2.0",
  "method": "metals/didFocusTextDocument",
  "params": [
    "class:/c%3A/Users/Lucas/Documents/trabalho/codes/poo-pbl-grupo-temp/target/test-classes/domain/strategy/DivisaoTest.class"
  ]
}
java.nio.file.FileSystemNotFoundException: Provider "class" not installed
	at java.base/java.nio.file.Path.of(Path.java:213)
	at java.base/java.nio.file.Paths.get(Paths.java:98)
	at scala.meta.internal.mtags.MtagsEnrichments$XtensionURIMtags.toAbsolutePath(MtagsEnrichments.scala:149)
	at scala.meta.internal.mtags.MtagsEnrichments$XtensionStringMtags.toAbsolutePath(MtagsEnrichments.scala:209)
	at scala.meta.internal.metals.MetalsEnrichments$XtensionString.toAbsolutePath(MetalsEnrichments.scala:787)
	at scala.meta.internal.metals.MetalsEnrichments$XtensionString.toAbsolutePath(MetalsEnrichments.scala:784)
	at scala.meta.internal.metals.WorkspaceLspService.didFocus(WorkspaceLspService.scala:808)
	at scala.meta.metals.lsp.DelegatingScalaService.didFocus(DelegatingScalaService.scala:42)
	at java.base/jdk.internal.reflect.DirectMethodHandleAccessor.invoke(DirectMethodHandleAccessor.java:103)
	at java.base/java.lang.reflect.Method.invoke(Method.java:580)
	at org.eclipse.lsp4j.jsonrpc.services.GenericEndpoint.lambda$recursiveFindRpcMethods$0(GenericEndpoint.java:65)
	at org.eclipse.lsp4j.jsonrpc.services.GenericEndpoint.notify(GenericEndpoint.java:160)
	at org.eclipse.lsp4j.jsonrpc.RemoteEndpoint.handleNotification(RemoteEndpoint.java:225)
	at org.eclipse.lsp4j.jsonrpc.RemoteEndpoint.consume(RemoteEndpoint.java:192)
	at org.eclipse.lsp4j.jsonrpc.json.StreamMessageProducer.handleMessage(StreamMessageProducer.java:189)
	at org.eclipse.lsp4j.jsonrpc.json.StreamMessageProducer.listen(StreamMessageProducer.java:97)
	at org.eclipse.lsp4j.jsonrpc.json.ConcurrentMessageProcessor.run(ConcurrentMessageProcessor.java:97)
	at java.base/java.util.concurrent.Executors$RunnableAdapter.call(Executors.java:572)
	at java.base/java.util.concurrent.FutureTask.run(FutureTask.java:317)
	at java.base/java.util.concurrent.ThreadPoolExecutor.runWorker(ThreadPoolExecutor.java:1144)
	at java.base/java.util.concurrent.ThreadPoolExecutor$Worker.run(ThreadPoolExecutor.java:642)
	at java.base/java.lang.Thread.run(Thread.java:1583)

jun. 07, 2026 6:34:23 PM org.eclipse.lsp4j.jsonrpc.services.GenericEndpoint notify
INFO: Unsupported notification method: $/setTrace
jun. 07, 2026 6:35:12 PM org.eclipse.lsp4j.jsonrpc.services.GenericEndpoint notify
INFO: Unsupported notification method: $/setTrace
jun. 07, 2026 6:40:25 PM org.eclipse.lsp4j.jsonrpc.RemoteEndpoint handleNotification
WARNING: Notification threw an exception: {
  "jsonrpc": "2.0",
  "method": "metals/didFocusTextDocument",
  "params": [
    "class:/c%3A/Users/Lucas/Documents/trabalho/codes/poo-pbl-grupo-temp/target/test-classes/domain/model/MembroTest.class"
  ]
}
java.nio.file.FileSystemNotFoundException: Provider "class" not installed
	at java.base/java.nio.file.Path.of(Path.java:213)
	at java.base/java.nio.file.Paths.get(Paths.java:98)
	at scala.meta.internal.mtags.MtagsEnrichments$XtensionURIMtags.toAbsolutePath(MtagsEnrichments.scala:149)
	at scala.meta.internal.mtags.MtagsEnrichments$XtensionStringMtags.toAbsolutePath(MtagsEnrichments.scala:209)
	at scala.meta.internal.metals.MetalsEnrichments$XtensionString.toAbsolutePath(MetalsEnrichments.scala:787)
	at scala.meta.internal.metals.MetalsEnrichments$XtensionString.toAbsolutePath(MetalsEnrichments.scala:784)
	at scala.meta.internal.metals.WorkspaceLspService.didFocus(WorkspaceLspService.scala:808)
	at scala.meta.metals.lsp.DelegatingScalaService.didFocus(DelegatingScalaService.scala:42)
	at java.base/jdk.internal.reflect.DirectMethodHandleAccessor.invoke(DirectMethodHandleAccessor.java:103)
	at java.base/java.lang.reflect.Method.invoke(Method.java:580)
	at org.eclipse.lsp4j.jsonrpc.services.GenericEndpoint.lambda$recursiveFindRpcMethods$0(GenericEndpoint.java:65)
	at org.eclipse.lsp4j.jsonrpc.services.GenericEndpoint.notify(GenericEndpoint.java:160)
	at org.eclipse.lsp4j.jsonrpc.RemoteEndpoint.handleNotification(RemoteEndpoint.java:225)
	at org.eclipse.lsp4j.jsonrpc.RemoteEndpoint.consume(RemoteEndpoint.java:192)
	at org.eclipse.lsp4j.jsonrpc.json.StreamMessageProducer.handleMessage(StreamMessageProducer.java:189)
	at org.eclipse.lsp4j.jsonrpc.json.StreamMessageProducer.listen(StreamMessageProducer.java:97)
	at org.eclipse.lsp4j.jsonrpc.json.ConcurrentMessageProcessor.run(ConcurrentMessageProcessor.java:97)
	at java.base/java.util.concurrent.Executors$RunnableAdapter.call(Executors.java:572)
	at java.base/java.util.concurrent.FutureTask.run(FutureTask.java:317)
	at java.base/java.util.concurrent.ThreadPoolExecutor.runWorker(ThreadPoolExecutor.java:1144)
	at java.base/java.util.concurrent.ThreadPoolExecutor$Worker.run(ThreadPoolExecutor.java:642)
	at java.base/java.lang.Thread.run(Thread.java:1583)

jun. 07, 2026 6:40:27 PM org.eclipse.lsp4j.jsonrpc.RemoteEndpoint handleNotification
WARNING: Notification threw an exception: {
  "jsonrpc": "2.0",
  "method": "metals/didFocusTextDocument",
  "params": [
    "class:/c%3A/Users/Lucas/Documents/trabalho/codes/poo-pbl-grupo-temp/target/test-classes/domain/value_objects/DinheiroTest.class"
  ]
}
java.nio.file.FileSystemNotFoundException: Provider "class" not installed
	at java.base/java.nio.file.Path.of(Path.java:213)
	at java.base/java.nio.file.Paths.get(Paths.java:98)
	at scala.meta.internal.mtags.MtagsEnrichments$XtensionURIMtags.toAbsolutePath(MtagsEnrichments.scala:149)
	at scala.meta.internal.mtags.MtagsEnrichments$XtensionStringMtags.toAbsolutePath(MtagsEnrichments.scala:209)
	at scala.meta.internal.metals.MetalsEnrichments$XtensionString.toAbsolutePath(MetalsEnrichments.scala:787)
	at scala.meta.internal.metals.MetalsEnrichments$XtensionString.toAbsolutePath(MetalsEnrichments.scala:784)
	at scala.meta.internal.metals.WorkspaceLspService.didFocus(WorkspaceLspService.scala:808)
	at scala.meta.metals.lsp.DelegatingScalaService.didFocus(DelegatingScalaService.scala:42)
	at java.base/jdk.internal.reflect.DirectMethodHandleAccessor.invoke(DirectMethodHandleAccessor.java:103)
	at java.base/java.lang.reflect.Method.invoke(Method.java:580)
	at org.eclipse.lsp4j.jsonrpc.services.GenericEndpoint.lambda$recursiveFindRpcMethods$0(GenericEndpoint.java:65)
	at org.eclipse.lsp4j.jsonrpc.services.GenericEndpoint.notify(GenericEndpoint.java:160)
	at org.eclipse.lsp4j.jsonrpc.RemoteEndpoint.handleNotification(RemoteEndpoint.java:225)
	at org.eclipse.lsp4j.jsonrpc.RemoteEndpoint.consume(RemoteEndpoint.java:192)
	at org.eclipse.lsp4j.jsonrpc.json.StreamMessageProducer.handleMessage(StreamMessageProducer.java:189)
	at org.eclipse.lsp4j.jsonrpc.json.StreamMessageProducer.listen(StreamMessageProducer.java:97)
	at org.eclipse.lsp4j.jsonrpc.json.ConcurrentMessageProcessor.run(ConcurrentMessageProcessor.java:97)
	at java.base/java.util.concurrent.Executors$RunnableAdapter.call(Executors.java:572)
	at java.base/java.util.concurrent.FutureTask.run(FutureTask.java:317)
	at java.base/java.util.concurrent.ThreadPoolExecutor.runWorker(ThreadPoolExecutor.java:1144)
	at java.base/java.util.concurrent.ThreadPoolExecutor$Worker.run(ThreadPoolExecutor.java:642)
	at java.base/java.lang.Thread.run(Thread.java:1583)

jun. 07, 2026 6:40:28 PM org.eclipse.lsp4j.jsonrpc.RemoteEndpoint handleNotification
WARNING: Notification threw an exception: {
  "jsonrpc": "2.0",
  "method": "metals/didFocusTextDocument",
  "params": [
    "class:/c%3A/Users/Lucas/Documents/trabalho/codes/poo-pbl-grupo-temp/target/test-classes/domain/model/MembroTest.class"
  ]
}
java.nio.file.FileSystemNotFoundException: Provider "class" not installed
	at java.base/java.nio.file.Path.of(Path.java:213)
	at java.base/java.nio.file.Paths.get(Paths.java:98)
	at scala.meta.internal.mtags.MtagsEnrichments$XtensionURIMtags.toAbsolutePath(MtagsEnrichments.scala:149)
	at scala.meta.internal.mtags.MtagsEnrichments$XtensionStringMtags.toAbsolutePath(MtagsEnrichments.scala:209)
	at scala.meta.internal.metals.MetalsEnrichments$XtensionString.toAbsolutePath(MetalsEnrichments.scala:787)
	at scala.meta.internal.metals.MetalsEnrichments$XtensionString.toAbsolutePath(MetalsEnrichments.scala:784)
	at scala.meta.internal.metals.WorkspaceLspService.didFocus(WorkspaceLspService.scala:808)
	at scala.meta.metals.lsp.DelegatingScalaService.didFocus(DelegatingScalaService.scala:42)
	at java.base/jdk.internal.reflect.DirectMethodHandleAccessor.invoke(DirectMethodHandleAccessor.java:103)
	at java.base/java.lang.reflect.Method.invoke(Method.java:580)
	at org.eclipse.lsp4j.jsonrpc.services.GenericEndpoint.lambda$recursiveFindRpcMethods$0(GenericEndpoint.java:65)
	at org.eclipse.lsp4j.jsonrpc.services.GenericEndpoint.notify(GenericEndpoint.java:160)
	at org.eclipse.lsp4j.jsonrpc.RemoteEndpoint.handleNotification(RemoteEndpoint.java:225)
	at org.eclipse.lsp4j.jsonrpc.RemoteEndpoint.consume(RemoteEndpoint.java:192)
	at org.eclipse.lsp4j.jsonrpc.json.StreamMessageProducer.handleMessage(StreamMessageProducer.java:189)
	at org.eclipse.lsp4j.jsonrpc.json.StreamMessageProducer.listen(StreamMessageProducer.java:97)
	at org.eclipse.lsp4j.jsonrpc.json.ConcurrentMessageProcessor.run(ConcurrentMessageProcessor.java:97)
	at java.base/java.util.concurrent.Executors$RunnableAdapter.call(Executors.java:572)
	at java.base/java.util.concurrent.FutureTask.run(FutureTask.java:317)
	at java.base/java.util.concurrent.ThreadPoolExecutor.runWorker(ThreadPoolExecutor.java:1144)
	at java.base/java.util.concurrent.ThreadPoolExecutor$Worker.run(ThreadPoolExecutor.java:642)
	at java.base/java.lang.Thread.run(Thread.java:1583)

2026.06.08 09:47:32 INFO  Started: Metals version 1.6.7 in folders 'C:\Users\Lucas\Documents\trabalho\codes\poo-pbl-grupo-temp' for client Visual Studio Code 1.123.0.
2026.06.08 09:47:32 INFO  Memory monitor started
2026.06.08 09:47:36 WARN  Using H2 2.4.240 which is newer than the version Flyway has been verified with. The latest verified version of H2 is 2.3.232.
2026.06.08 09:47:36 INFO  no build target found for C:\Users\Lucas\Documents\trabalho\codes\poo-pbl-grupo-temp\src\test\java\domain\model\GrupoTest.java. Using fallback presentation compiler.
2026.06.08 09:47:36 INFO  no build target found for C:\Users\Lucas\Documents\trabalho\codes\poo-pbl-grupo-temp\src\test\java\domain\model\GrupoTest.java. Using fallback presentation compiler.
2026.06.08 09:47:40 INFO  no build target found for C:\Users\Lucas\Documents\trabalho\codes\poo-pbl-grupo-temp\src\test\java\domain\model\GrupoTest.java. Using fallback presentation compiler.
2026.06.08 09:47:45 INFO  no build target found for C:\Users\Lucas\Documents\trabalho\codes\poo-pbl-grupo-temp\src\test\java\domain\model\GrupoTest.java. Using fallback presentation compiler.
2026.06.08 09:47:46 INFO  no build target found for C:\Users\Lucas\Documents\trabalho\codes\poo-pbl-grupo-temp\src\test\java\domain\model\GrupoTest.java. Using fallback presentation compiler.
2026.06.08 09:47:50 INFO  no build target found for C:\Users\Lucas\Documents\trabalho\codes\poo-pbl-grupo-temp\src\test\java\domain\model\GrupoTest.java. Using fallback presentation compiler.
2026.06.08 09:47:50 INFO  no build target found for C:\Users\Lucas\Documents\trabalho\codes\poo-pbl-grupo-temp\src\test\java\domain\model\GrupoTest.java. Using fallback presentation compiler.
2026.06.08 09:52:13 INFO  no build target found for C:\Users\Lucas\Documents\trabalho\codes\poo-pbl-grupo-temp\src\test\java\domain\model\GrupoTest.java. Using fallback presentation compiler.
jun. 08, 2026 9:52:13 AM org.eclipse.lsp4j.jsonrpc.RemoteEndpoint handleCancellation
WARNING: Unmatched cancel notification for request id 13
2026.06.08 09:52:17 INFO  no build target found for C:\Users\Lucas\Documents\trabalho\codes\poo-pbl-grupo-temp\src\test\java\domain\model\GrupoTest.java. Using fallback presentation compiler.
2026.06.08 09:52:17 INFO  no build target found for C:\Users\Lucas\Documents\trabalho\codes\poo-pbl-grupo-temp\src\test\java\domain\value_objects\DinheiroTest.java. Using fallback presentation compiler.
2026.06.08 09:52:17 INFO  no build target found for C:\Users\Lucas\Documents\trabalho\codes\poo-pbl-grupo-temp\src\test\java\domain\value_objects\DinheiroTest.java. Using fallback presentation compiler.
2026.06.08 09:52:17 INFO  no build target found for C:\Users\Lucas\Documents\trabalho\codes\poo-pbl-grupo-temp\src\test\java\domain\value_objects\DinheiroTest.java. Using fallback presentation compiler.
2026.06.08 09:52:17 INFO  no build target found for C:\Users\Lucas\Documents\trabalho\codes\poo-pbl-grupo-temp\src\test\java\domain\value_objects\DinheiroTest.java. Using fallback presentation compiler.
2026.06.08 09:52:17 INFO  no build target found for C:\Users\Lucas\Documents\trabalho\codes\poo-pbl-grupo-temp\src\test\java\domain\value_objects\DinheiroTest.java. Using fallback presentation compiler.
2026.06.08 09:52:37 INFO  no build target found for C:\Users\Lucas\Documents\trabalho\codes\poo-pbl-grupo-temp\src\test\java\domain\value_objects\DinheiroTest.java. Using fallback presentation compiler.
2026.06.08 09:52:39 INFO  no build target found for C:\Users\Lucas\Documents\trabalho\codes\poo-pbl-grupo-temp\src\test\java\domain\value_objects\DinheiroTest.java. Using fallback presentation compiler.
2026.06.08 09:54:35 INFO  no build target found for C:\Users\Lucas\Documents\trabalho\codes\poo-pbl-grupo-temp\src\test\java\domain\value_objects\DinheiroTest.java. Using fallback presentation compiler.
2026.06.08 09:54:39 INFO  no build target found for c:\Users\Lucas\Documents\trabalho\codes\poo-pbl-grupo-temp\src\test\java\domain\value_objects\DinheiroTest.java. Using fallback presentation compiler.
2026.06.08 09:54:40 INFO  no build target found for c:\Users\Lucas\Documents\trabalho\codes\poo-pbl-grupo-temp\src\test\java\domain\value_objects\DinheiroTest.java. Using fallback presentation compiler.
2026.06.08 09:54:40 INFO  no build target found for c:\Users\Lucas\Documents\trabalho\codes\poo-pbl-grupo-temp\src\test\java\domain\value_objects\DinheiroTest.java. Using fallback presentation compiler.
2026.06.08 09:54:50 INFO  no build target found for C:\Users\Lucas\Documents\trabalho\codes\poo-pbl-grupo-temp\src\test\java\domain\value_objects\DinheiroTest.java. Using fallback presentation compiler.
2026.06.08 09:54:50 INFO  no build target found for C:\Users\Lucas\Documents\trabalho\codes\poo-pbl-grupo-temp\src\test\java\domain\value_objects\DinheiroTest.java. Using fallback presentation compiler.
2026.06.08 09:54:50 INFO  no build target found for C:\Users\Lucas\Documents\trabalho\codes\poo-pbl-grupo-temp\src\test\java\domain\value_objects\DinheiroTest.java. Using fallback presentation compiler.
2026.06.08 09:54:52 INFO  no build target found for C:\Users\Lucas\Documents\trabalho\codes\poo-pbl-grupo-temp\src\test\java\domain\value_objects\DinheiroTest.java. Using fallback presentation compiler.
2026.06.08 09:56:37 INFO  no build target found for C:\Users\Lucas\Documents\trabalho\codes\poo-pbl-grupo-temp\src\test\java\domain\value_objects\DinheiroTest.java. Using fallback presentation compiler.
2026.06.08 09:56:43 INFO  no build target found for C:\Users\Lucas\Documents\trabalho\codes\poo-pbl-grupo-temp\src\test\java\domain\main\java\domain\value_objects\Dinheiro.java. Using fallback presentation compiler.
2026.06.08 09:56:43 WARN  no build target for: C:\Users\Lucas\Documents\trabalho\codes\poo-pbl-grupo-temp\src\test\java\domain\main\java\domain\value_objects\Dinheiro.java
2026.06.08 09:56:43 INFO  no build target found for C:\Users\Lucas\Documents\trabalho\codes\poo-pbl-grupo-temp\src\test\java\domain\value_objects\DinheiroTest.java. Using fallback presentation compiler.
2026.06.08 09:56:43 INFO  no build target found for C:\Users\Lucas\Documents\trabalho\codes\poo-pbl-grupo-temp\src\test\java\domain\value_objects\DinheiroTest.java. Using fallback presentation compiler.
2026.06.08 09:56:43 INFO  no build target found for C:\Users\Lucas\Documents\trabalho\codes\poo-pbl-grupo-temp\src\test\java\domain\main\java\domain\value_objects\Dinheiro.java. Using fallback presentation compiler.
2026.06.08 09:56:44 INFO  no build target found for C:\Users\Lucas\Documents\trabalho\codes\poo-pbl-grupo-temp\src\test\java\domain\main\java\domain\value_objects\Dinheiro.java. Using fallback presentation compiler.
2026.06.08 09:56:45 INFO  no build target found for C:\Users\Lucas\Documents\trabalho\codes\poo-pbl-grupo-temp\src\test\java\domain\main\java\domain\value_objects\Dinheiro.java. Using fallback presentation compiler.
2026.06.08 09:56:45 INFO  no build target found for C:\Users\Lucas\Documents\trabalho\codes\poo-pbl-grupo-temp\src\test\java\domain\main\java\domain\value_objects\Dinheiro.java. Using fallback presentation compiler.
2026.06.08 09:56:45 INFO  no build target found for C:\Users\Lucas\Documents\trabalho\codes\poo-pbl-grupo-temp\src\test\java\domain\main\java\domain\value_objects\Dinheiro.java. Using fallback presentation compiler.
2026.06.08 09:56:45 INFO  no build target found for C:\Users\Lucas\Documents\trabalho\codes\poo-pbl-grupo-temp\src\test\java\domain\main\java\domain\value_objects\Dinheiro.java. Using fallback presentation compiler.
2026.06.08 09:56:46 INFO  no build target found for C:\Users\Lucas\Documents\trabalho\codes\poo-pbl-grupo-temp\src\test\java\domain\main\java\domain\value_objects\Dinheiro.java. Using fallback presentation compiler.
2026.06.08 09:56:46 INFO  no build target found for C:\Users\Lucas\Documents\trabalho\codes\poo-pbl-grupo-temp\src\test\java\domain\main\java\domain\value_objects\Dinheiro.java. Using fallback presentation compiler.
2026.06.08 09:56:46 INFO  no build target found for C:\Users\Lucas\Documents\trabalho\codes\poo-pbl-grupo-temp\src\test\java\domain\main\java\domain\value_objects\Dinheiro.java. Using fallback presentation compiler.
2026.06.08 09:56:46 INFO  no build target found for C:\Users\Lucas\Documents\trabalho\codes\poo-pbl-grupo-temp\src\test\java\domain\main\java\domain\value_objects\Dinheiro.java. Using fallback presentation compiler.
2026.06.08 09:56:48 INFO  no build target found for C:\Users\Lucas\Documents\trabalho\codes\poo-pbl-grupo-temp\src\test\java\domain\main\java\domain\value_objects\Dinheiro.java. Using fallback presentation compiler.
2026.06.08 09:56:48 INFO  no build target found for C:\Users\Lucas\Documents\trabalho\codes\poo-pbl-grupo-temp\src\test\java\domain\main\java\domain\value_objects\Dinheiro.java. Using fallback presentation compiler.
2026.06.08 09:56:48 WARN  no build target for: C:\Users\Lucas\Documents\trabalho\codes\poo-pbl-grupo-temp\src\test\java\domain\main\java\domain\value_objects\Dinheiro.java
2026.06.08 09:56:48 INFO  no build target found for C:\Users\Lucas\Documents\trabalho\codes\poo-pbl-grupo-temp\src\test\java\domain\main\java\domain\value_objects\Dinheiro.java. Using fallback presentation compiler.
2026.06.08 09:56:48 INFO  Created report: Optional[file:///C:/Users/Lucas/Documents/trabalho/codes/poo-pbl-grupo-temp/src/test/java/domain/main/java/domain/value_objects/Dinheiro.java]
2026.06.08 09:56:48 INFO  QDox parse error in file:///C:/Users/Lucas/Documents/trabalho/codes/poo-pbl-grupo-temp/src/test/java/domain/main/java/domain/value_objects/Dinheiro.java (full report at: "C:\Users\Lucas\Documents\trabalho\codes\poo-pbl-grupo-temp\.metals\.reports\metals-full\2026-06-08\r_qdox-error_09-56-48-965.md")
2026.06.08 09:56:48 WARN  Running javac-semanticdb failed for file:///C:/Users/Lucas/Documents/trabalho/codes/poo-pbl-grupo-temp/src/test/java/domain/main/java/domain/value_objects/Dinheiro.java. Output:

2026.06.08 09:56:57 WARN  Using H2 2.4.240 which is newer than the version Flyway has been verified with. The latest verified version of H2 is 2.3.232.
2026.06.08 09:56:57 INFO  no build target found for C:\Users\Lucas\Documents\trabalho\codes\Dinheiro.java. Using fallback presentation compiler.
2026.06.08 09:56:58 WARN  no build target for: C:\Users\Lucas\Documents\trabalho\codes\Dinheiro.java
2026.06.08 09:56:57 INFO  no build target found for C:\Users\Lucas\Documents\trabalho\codes\Dinheiro.java. Using fallback presentation compiler.
jun. 08, 2026 9:56:58 AM org.eclipse.lsp4j.jsonrpc.RemoteEndpoint handleCancellation
WARNING: Unmatched cancel notification for request id 68
2026.06.08 09:56:57 INFO  no build target found for C:\Users\Lucas\Documents\trabalho\codes\Dinheiro.java. Using fallback presentation compiler.
2026.06.08 09:56:58 INFO  no build target found for C:\Users\Lucas\Documents\trabalho\codes\poo-pbl-grupo-temp\src\test\java\domain\main\java\domain\value_objects\Dinheiro.java. Using fallback presentation compiler.
2026.06.08 09:56:57 INFO  no build target found for C:\Users\Lucas\Documents\trabalho\codes\Dinheiro.java. Using fallback presentation compiler.
jun. 08, 2026 9:56:58 AM org.eclipse.lsp4j.jsonrpc.RemoteEndpoint handleCancellation
WARNING: Unmatched cancel notification for request id 77
2026.06.08 09:56:57 INFO  no build target found for C:\Users\Lucas\Documents\trabalho\codes\Dinheiro.java. Using fallback presentation compiler.
2026.06.08 09:56:59 INFO  no build target found for C:\Users\Lucas\Documents\trabalho\codes\Dinheiro.java. Using fallback presentation compiler.
2026.06.08 09:57:04 INFO  no build target found for C:\Users\Lucas\Documents\trabalho\codes\Dinheiro.java. Using fallback presentation compiler.
2026.06.08 09:57:06 INFO  no build target found for C:\Users\Lucas\Documents\trabalho\codes\Dinheiro.java. Using fallback presentation compiler.
2026.06.08 09:57:07 INFO  no build target found for C:\Users\Lucas\Documents\trabalho\codes\Dinheiro.java. Using fallback presentation compiler.
2026.06.08 09:57:07 INFO  no build target found for C:\Users\Lucas\Documents\trabalho\codes\Dinheiro.java. Using fallback presentation compiler.
2026.06.08 09:57:07 INFO  no build target found for C:\Users\Lucas\Documents\trabalho\codes\Dinheiro.java. Using fallback presentation compiler.
2026.06.08 09:57:09 INFO  no build target found for C:\Users\Lucas\Documents\trabalho\codes\Dinheiro.java. Using fallback presentation compiler.
2026.06.08 09:57:09 INFO  no build target found for C:\Users\Lucas\Documents\trabalho\codes\Dinheiro.java. Using fallback presentation compiler.
2026.06.08 09:57:21 INFO  no build target found for C:\Users\Lucas\Documents\trabalho\codes\Dinheiro.java. Using fallback presentation compiler.
2026.06.08 09:57:21 INFO  no build target found for C:\Users\Lucas\Documents\trabalho\codes\Dinheiro.java. Using fallback presentation compiler.
2026.06.08 09:57:22 INFO  no build target found for C:\Users\Lucas\Documents\trabalho\codes\Dinheiro.java. Using fallback presentation compiler.
2026.06.08 09:57:22 INFO  no build target found for C:\Users\Lucas\Documents\trabalho\codes\Dinheiro.java. Using fallback presentation compiler.
2026.06.08 09:57:23 INFO  no build target found for C:\Users\Lucas\Documents\trabalho\codes\Dinheiro.java. Using fallback presentation compiler.
2026.06.08 09:57:23 INFO  no build target found for C:\Users\Lucas\Documents\trabalho\codes\Dinheiro.java. Using fallback presentation compiler.
2026.06.08 09:57:23 INFO  no build target found for C:\Users\Lucas\Documents\trabalho\codes\Dinheiro.java. Using fallback presentation compiler.
2026.06.08 09:57:23 INFO  no build target found for C:\Users\Lucas\Documents\trabalho\codes\Dinheiro.java. Using fallback presentation compiler.
2026.06.08 09:57:23 INFO  no build target found for C:\Users\Lucas\Documents\trabalho\codes\Dinheiro.java. Using fallback presentation compiler.
2026.06.08 09:57:23 INFO  no build target found for C:\Users\Lucas\Documents\trabalho\codes\Dinheiro.java. Using fallback presentation compiler.
2026.06.08 09:57:25 INFO  no build target found for C:\Users\Lucas\Documents\trabalho\codes\Dinheiro.java. Using fallback presentation compiler.
2026.06.08 09:57:25 INFO  no build target found for C:\Users\Lucas\Documents\trabalho\codes\Dinheiro.java. Using fallback presentation compiler.
2026.06.08 09:57:25 INFO  no build target found for C:\Users\Lucas\Documents\trabalho\codes\Dinheiro.java. Using fallback presentation compiler.
2026.06.08 09:57:25 WARN  no build target for: C:\Users\Lucas\Documents\trabalho\codes\Dinheiro.java
2026.06.08 09:57:25 INFO  no build target found for C:\Users\Lucas\Documents\trabalho\codes\poo-pbl-grupo-temp\src\test\java\domain\main\java\domain\value_objects\Dinheiro.java. Using fallback presentation compiler.
2026.06.08 09:57:26 INFO  no build target found for C:\Users\Lucas\Documents\trabalho\codes\Dinheiro.java. Using fallback presentation compiler.
2026.06.08 09:57:26 INFO  no build target found for C:\Users\Lucas\Documents\trabalho\codes\Dinheiro.java. Using fallback presentation compiler.
2026.06.08 09:57:28 INFO  no build target found for C:\Users\Lucas\Documents\trabalho\codes\Dinheiro.java. Using fallback presentation compiler.
2026.06.08 09:57:28 INFO  no build target found for C:\Users\Lucas\Documents\trabalho\codes\Dinheiro.java. Using fallback presentation compiler.
2026.06.08 09:57:28 INFO  no build target found for C:\Users\Lucas\Documents\trabalho\codes\Dinheiro.java. Using fallback presentation compiler.
2026.06.08 09:57:28 INFO  no build target found for C:\Users\Lucas\Documents\trabalho\codes\Dinheiro.java. Using fallback presentation compiler.
2026.06.08 09:57:28 INFO  no build target found for C:\Users\Lucas\Documents\trabalho\codes\Dinheiro.java. Using fallback presentation compiler.
2026.06.08 09:57:29 WARN  no build target for: C:\Users\Lucas\Documents\trabalho\codes\Dinheiro.java
2026.06.08 09:57:29 INFO  no build target found for C:\Users\Lucas\Documents\trabalho\codes\poo-pbl-grupo-temp\src\test\java\domain\main\java\domain\value_objects\Dinheiro.java. Using fallback presentation compiler.
2026.06.08 09:57:30 WARN  no build target for: C:\Users\Lucas\Documents\trabalho\codes\poo-pbl-grupo-temp\src\test\java\domain\main\java\domain\value_objects\Dinheiro.java
2026.06.08 09:57:30 INFO  no build target found for C:\Users\Lucas\Documents\trabalho\codes\poo-pbl-grupo-temp\src\test\java\domain\main\java\domain\value_objects\Dinheiro.java. Using fallback presentation compiler.
2026.06.08 09:59:08 INFO  no build target found for C:\Users\Lucas\Documents\trabalho\codes\Dinheiro.java. Using fallback presentation compiler.
2026.06.08 09:59:09 INFO  no build target found for C:\Users\Lucas\Documents\trabalho\codes\poo-pbl-grupo-temp\src\test\java\domain\main\java\domain\value_objects\Dinheiro.java. Using fallback presentation compiler.
2026.06.08 10:00:05 INFO  no build target found for C:\Users\Lucas\Documents\trabalho\codes\Dinheiro.java. Using fallback presentation compiler.
2026.06.08 10:00:21 INFO  no build target found for C:\Users\Lucas\Documents\trabalho\codes\poo-pbl-grupo-temp\src\test\java\domain\value_objects\DinheiroTest.java. Using fallback presentation compiler.
2026.06.08 10:00:22 INFO  no build target found for C:\Users\Lucas\Documents\trabalho\codes\poo-pbl-grupo-temp\src\test\java\domain\value_objects\DinheiroTest.java. Using fallback presentation compiler.
2026.06.08 10:00:21 INFO  no build target found for C:\Users\Lucas\Documents\trabalho\codes\poo-pbl-grupo-temp\src\test\java\domain\value_objects\DinheiroTest.java. Using fallback presentation compiler.
2026.06.08 10:00:21 INFO  no build target found for C:\Users\Lucas\Documents\trabalho\codes\Dinheiro.java. Using fallback presentation compiler.
2026.06.08 10:00:21 INFO  no build target found for C:\Users\Lucas\Documents\trabalho\codes\poo-pbl-grupo-temp\src\test\java\domain\value_objects\DinheiroTest.java. Using fallback presentation compiler.
2026.06.08 10:00:23 INFO  no build target found for C:\Users\Lucas\Documents\trabalho\codes\poo-pbl-grupo-temp\src\test\java\domain\value_objects\DinheiroTest.java. Using fallback presentation compiler.
2026.06.08 10:00:27 INFO  no build target found for C:\Users\Lucas\Documents\trabalho\codes\poo-pbl-grupo-temp\src\test\java\domain\value_objects\DinheiroTest.java. Using fallback presentation compiler.
2026.06.08 10:00:30 INFO  no build target found for C:\Users\Lucas\Documents\trabalho\codes\poo-pbl-grupo-temp\src\test\java\domain\value_objects\DinheiroTest.java. Using fallback presentation compiler.
2026.06.08 10:00:31 INFO  no build target found for C:\Users\Lucas\Documents\trabalho\codes\poo-pbl-grupo-temp\src\test\java\domain\value_objects\DinheiroTest.java. Using fallback presentation compiler.
2026.06.08 10:00:47 WARN  no build target for: C:\Users\Lucas\Documents\trabalho\codes\poo-pbl-grupo-temp\src\test\java\domain\main\java\domain\value_objects\Dinheiro.java
2026.06.08 10:00:47 INFO  no build target found for C:\Users\Lucas\Documents\trabalho\codes\poo-pbl-grupo-temp\src\test\java\domain\main\java\domain\value_objects\Dinheiro.java. Using fallback presentation compiler.
2026.06.08 10:00:55 INFO  no build target found for c:\Users\Lucas\Documents\trabalho\codes\poo-pbl-grupo-temp\src\test\java\domain\main\java\domain\value_objects\Dinheiro.java. Using fallback presentation compiler.
2026.06.08 10:00:55 INFO  no build target found for C:\Users\Lucas\Documents\trabalho\codes\poo-pbl-grupo-temp\src\test\java\domain\value_objects\DinheiroTest.java. Using fallback presentation compiler.
2026.06.08 10:00:55 WARN  no build target for: C:\Users\Lucas\Documents\trabalho\codes\poo-pbl-grupo-temp\src\test\java\domain\value_objects\DinheiroTest.java
2026.06.08 10:00:55 INFO  no build target found for C:\Users\Lucas\Documents\trabalho\codes\poo-pbl-grupo-temp\src\test\java\domain\value_objects\DinheiroTest.java. Using fallback presentation compiler.
2026.06.08 10:00:55 INFO  no build target found for C:\Users\Lucas\Documents\trabalho\codes\poo-pbl-grupo-temp\src\test\java\domain\value_objects\DinheiroTest.java. Using fallback presentation compiler.
2026.06.08 10:00:55 INFO  no build target found for C:\Users\Lucas\Documents\trabalho\codes\poo-pbl-grupo-temp\src\test\java\domain\value_objects\DinheiroTest.java. Using fallback presentation compiler.
2026.06.08 10:03:34 INFO  no build target found for C:\Users\Lucas\Documents\trabalho\codes\poo-pbl-grupo-temp\src\test\java\domain\value_objects\DinheiroTest.java. Using fallback presentation compiler.
2026.06.08 10:03:42 INFO  no build target found for C:\Users\Lucas\Documents\trabalho\codes\poo-pbl-grupo-temp\src\test\java\domain\value_objects\DinheiroTest.java. Using fallback presentation compiler.
2026.06.08 10:03:57 INFO  no build target found for C:\Users\Lucas\Documents\trabalho\codes\poo-pbl-grupo-temp\src\test\java\domain\value_objects\DinheiroTest.java. Using fallback presentation compiler.
2026.06.08 10:04:02 INFO  no build target found for C:\Users\Lucas\Documents\trabalho\codes\poo-pbl-grupo-temp\src\test\java\domain\value_objects\DinheiroTest.java. Using fallback presentation compiler.
2026.06.08 10:04:18 INFO  no build target found for C:\Users\Lucas\Documents\trabalho\codes\poo-pbl-grupo-temp\src\test\java\domain\value_objects\DinheiroTest.java. Using fallback presentation compiler.
2026.06.08 10:04:23 INFO  Shutting down server
2026.06.08 10:04:23 INFO  Memory monitor stopped
2026.06.08 10:04:23 INFO  shutting down Metals
2026.06.08 10:04:23 INFO  Exiting server
2026.06.08 10:04:23 ERROR Unexpected error initializing server: 
org.eclipse.lsp4j.jsonrpc.ResponseErrorException: Request window/showMessageRequest failed with message: Canceled
	at org.eclipse.lsp4j.jsonrpc.RemoteEndpoint.handleResponse(RemoteEndpoint.java:214)
	at org.eclipse.lsp4j.jsonrpc.RemoteEndpoint.consume(RemoteEndpoint.java:198)
	at org.eclipse.lsp4j.jsonrpc.json.StreamMessageProducer.handleMessage(StreamMessageProducer.java:189)
	at org.eclipse.lsp4j.jsonrpc.json.StreamMessageProducer.listen(StreamMessageProducer.java:97)
	at org.eclipse.lsp4j.jsonrpc.json.ConcurrentMessageProcessor.run(ConcurrentMessageProcessor.java:97)
	at java.util.concurrent.Executors$RunnableAdapter.call(Executors.java:572)
	at java.util.concurrent.FutureTask.run(FutureTask.java:317)
	at java.util.concurrent.ThreadPoolExecutor.runWorker(ThreadPoolExecutor.java:1144)
	at java.util.concurrent.ThreadPoolExecutor$Worker.run(ThreadPoolExecutor.java:642)
	at java.lang.Thread.run(Thread.java:1583)

2026.06.08 10:04:41 INFO  Started: Metals version 1.6.7 in folders 'C:\Users\Lucas\Documents\trabalho\codes\poo-pbl-grupo-temp' for client Visual Studio Code 1.123.0.
2026.06.08 10:04:41 INFO  Memory monitor started
2026.06.08 10:04:42 WARN  Using H2 2.4.240 which is newer than the version Flyway has been verified with. The latest verified version of H2 is 2.3.232.
2026.06.08 10:04:42 WARN  no build target for: C:\Users\Lucas\Documents\trabalho\codes\Dinheiro.java
2026.06.08 10:04:42 WARN  Using H2 2.4.240 which is newer than the version Flyway has been verified with. The latest verified version of H2 is 2.3.232.
2026.06.08 10:04:42 INFO  no build target found for C:\Users\Lucas\Documents\trabalho\codes\Dinheiro.java. Using fallback presentation compiler.
2026.06.08 10:04:43 INFO  no build target found for C:\Users\Lucas\Documents\trabalho\codes\poo-pbl-grupo-temp\src\test\java\domain\value_objects\DinheiroTest.java. Using fallback presentation compiler.
2026.06.08 10:04:43 INFO  no build target found for C:\Users\Lucas\Documents\trabalho\codes\poo-pbl-grupo-temp\src\test\java\domain\value_objects\DinheiroTest.java. Using fallback presentation compiler.
2026.06.08 10:04:43 INFO  no build target found for C:\Users\Lucas\Documents\trabalho\codes\poo-pbl-grupo-temp\src\test\java\domain\value_objects\DinheiroTest.java. Using fallback presentation compiler.
2026.06.08 10:04:43 INFO  no build target found for C:\Users\Lucas\Documents\trabalho\codes\Dinheiro.java. Using fallback presentation compiler.
2026.06.08 10:04:43 INFO  no build target found for C:\Users\Lucas\Documents\trabalho\codes\poo-pbl-grupo-temp\src\test\java\domain\value_objects\DinheiroTest.java. Using fallback presentation compiler.
2026.06.08 10:04:44 INFO  no build target found for C:\Users\Lucas\Documents\trabalho\codes\Dinheiro.java. Using fallback presentation compiler.
2026.06.08 10:04:44 INFO  no build target found for C:\Users\Lucas\Documents\trabalho\codes\poo-pbl-grupo-temp\src\test\java\domain\value_objects\DinheiroTest.java. Using fallback presentation compiler.
jun. 08, 2026 10:04:44 AM org.eclipse.lsp4j.jsonrpc.RemoteEndpoint handleCancellation
WARNING: Unmatched cancel notification for request id 17
jun. 08, 2026 10:04:44 AM org.eclipse.lsp4j.jsonrpc.RemoteEndpoint handleCancellation
WARNING: Unmatched cancel notification for request id 18
jun. 08, 2026 10:04:44 AM org.eclipse.lsp4j.jsonrpc.RemoteEndpoint handleCancellation
WARNING: Unmatched cancel notification for request id 19
jun. 08, 2026 10:04:44 AM org.eclipse.lsp4j.jsonrpc.RemoteEndpoint handleCancellation
WARNING: Unmatched cancel notification for request id 20
2026.06.08 10:04:44 INFO  no build target found for C:\Users\Lucas\Documents\trabalho\codes\Dinheiro.java. Using fallback presentation compiler.
2026.06.08 10:04:44 INFO  no build target found for C:\Users\Lucas\Documents\trabalho\codes\poo-pbl-grupo-temp\src\test\java\domain\value_objects\DinheiroTest.java. Using fallback presentation compiler.
2026.06.08 10:04:44 INFO  no build target found for C:\Users\Lucas\Documents\trabalho\codes\Dinheiro.java. Using fallback presentation compiler.
2026.06.08 10:04:44 INFO  no build target found for C:\Users\Lucas\Documents\trabalho\codes\poo-pbl-grupo-temp\src\test\java\domain\value_objects\DinheiroTest.java. Using fallback presentation compiler.
jun. 08, 2026 10:04:45 AM org.eclipse.lsp4j.jsonrpc.RemoteEndpoint handleCancellation
WARNING: Unmatched cancel notification for request id 21
jun. 08, 2026 10:04:45 AM org.eclipse.lsp4j.jsonrpc.RemoteEndpoint handleCancellation
WARNING: Unmatched cancel notification for request id 16
jun. 08, 2026 10:04:45 AM org.eclipse.lsp4j.jsonrpc.RemoteEndpoint handleCancellation
WARNING: Unmatched cancel notification for request id 22
jun. 08, 2026 10:04:45 AM org.eclipse.lsp4j.jsonrpc.RemoteEndpoint handleCancellation
WARNING: Unmatched cancel notification for request id 23
jun. 08, 2026 10:04:45 AM org.eclipse.lsp4j.jsonrpc.RemoteEndpoint handleCancellation
WARNING: Unmatched cancel notification for request id 24
2026.06.08 10:04:44 INFO  no build target found for C:\Users\Lucas\Documents\trabalho\codes\Dinheiro.java. Using fallback presentation compiler.
2026.06.08 10:04:44 INFO  no build target found for C:\Users\Lucas\Documents\trabalho\codes\poo-pbl-grupo-temp\src\test\java\domain\value_objects\DinheiroTest.java. Using fallback presentation compiler.
2026.06.08 10:04:46 INFO  no build target found for C:\Users\Lucas\Documents\trabalho\codes\poo-pbl-grupo-temp\src\test\java\domain\value_objects\DinheiroTest.java. Using fallback presentation compiler.
2026.06.08 10:04:47 INFO  no build target found for C:\Users\Lucas\Documents\trabalho\codes\Dinheiro.java. Using fallback presentation compiler.
2026.06.08 10:04:47 INFO  no build target found for C:\Users\Lucas\Documents\trabalho\codes\poo-pbl-grupo-temp\src\test\java\domain\value_objects\DinheiroTest.java. Using fallback presentation compiler.
2026.06.08 10:04:47 INFO  no build target found for C:\Users\Lucas\Documents\trabalho\codes\poo-pbl-grupo-temp\src\test\java\domain\value_objects\DinheiroTest.java. Using fallback presentation compiler.
2026.06.08 10:04:47 INFO  no build target found for C:\Users\Lucas\Documents\trabalho\codes\Dinheiro.java. Using fallback presentation compiler.
2026.06.08 10:04:49 INFO  no build target found for C:\Users\Lucas\Documents\trabalho\codes\poo-pbl-grupo-temp\src\test\java\domain\value_objects\DinheiroTest.java. Using fallback presentation compiler.
2026.06.08 10:04:58 INFO  no build target found for C:\Users\Lucas\Documents\trabalho\codes\poo-pbl-grupo-temp\src\test\java\domain\value_objects\DinheiroTest.java. Using fallback presentation compiler.
2026.06.08 10:05:04 WARN  no build target for: C:\Users\Lucas\Documents\trabalho\codes\poo-pbl-grupo-temp\src\test\java\domain\value_objects\DinheiroTest.java
2026.06.08 10:05:04 INFO  no build target found for C:\Users\Lucas\Documents\trabalho\codes\poo-pbl-grupo-temp\src\test\java\domain\value_objects\DinheiroTest.java. Using fallback presentation compiler.
2026.06.08 10:05:12 INFO  no build target found for C:\Users\Lucas\Documents\trabalho\codes\poo-pbl-grupo-temp\src\test\java\domain\value_objects\DinheiroTest.java. Using fallback presentation compiler.
2026.06.08 10:05:12 WARN  no build target for: C:\Users\Lucas\Documents\trabalho\codes\poo-pbl-grupo-temp\src\main\java\domain\value_objects\Dinheiro.java
2026.06.08 10:05:12 INFO  no build target found for C:\Users\Lucas\Documents\trabalho\codes\poo-pbl-grupo-temp\src\main\java\domain\value_objects\Dinheiro.java. Using fallback presentation compiler.
2026.06.08 10:05:13 INFO  no build target found for C:\Users\Lucas\Documents\trabalho\codes\poo-pbl-grupo-temp\src\main\java\domain\value_objects\Dinheiro.java. Using fallback presentation compiler.
2026.06.08 10:05:12 INFO  no build target found for C:\Users\Lucas\Documents\trabalho\codes\poo-pbl-grupo-temp\src\main\java\domain\value_objects\Dinheiro.java. Using fallback presentation compiler.
2026.06.08 10:05:13 INFO  no build target found for C:\Users\Lucas\Documents\trabalho\codes\poo-pbl-grupo-temp\src\main\java\domain\value_objects\Dinheiro.java. Using fallback presentation compiler.
2026.06.08 10:05:22 INFO  no build target found for C:\Users\Lucas\Documents\trabalho\codes\Dinheiro.java. Using fallback presentation compiler.
2026.06.08 10:05:23 WARN  no build target for: C:\Users\Lucas\Documents\trabalho\codes\Dinheiro.java
2026.06.08 10:05:23 INFO  no build target found for C:\Users\Lucas\Documents\trabalho\codes\poo-pbl-grupo-temp\src\main\java\domain\value_objects\Dinheiro.java. Using fallback presentation compiler.
2026.06.08 10:05:24 INFO  no build target found for C:\Users\Lucas\Documents\trabalho\codes\Dinheiro.java. Using fallback presentation compiler.
2026.06.08 10:05:25 WARN  no build target for: C:\Users\Lucas\Documents\trabalho\codes\poo-pbl-grupo-temp\src\main\java\domain\value_objects\Dinheiro.java
2026.06.08 10:05:25 INFO  no build target found for C:\Users\Lucas\Documents\trabalho\codes\Dinheiro.java. Using fallback presentation compiler.
2026.06.08 10:05:25 INFO  no build target found for C:\Users\Lucas\Documents\trabalho\codes\poo-pbl-grupo-temp\src\main\java\domain\value_objects\Dinheiro.java. Using fallback presentation compiler.
2026.06.08 10:05:30 INFO  no build target found for C:\Users\Lucas\Documents\trabalho\codes\poo-pbl-grupo-temp\src\main\java\domain\value_objects\Dinheiro.java. Using fallback presentation compiler.
2026.06.08 10:05:38 INFO  no build target found for C:\Users\Lucas\Documents\trabalho\codes\poo-pbl-grupo-temp\src\main\java\domain\value_objects\Dinheiro.java. Using fallback presentation compiler.
2026.06.08 10:05:42 INFO  no build target found for C:\Users\Lucas\Documents\trabalho\codes\poo-pbl-grupo-temp\src\main\java\domain\value_objects\Dinheiro.java. Using fallback presentation compiler.
2026.06.08 10:05:45 INFO  no build target found for C:\Users\Lucas\Documents\trabalho\codes\poo-pbl-grupo-temp\src\main\java\domain\value_objects\Dinheiro.java. Using fallback presentation compiler.
2026.06.08 10:05:45 INFO  no build target found for C:\Users\Lucas\Documents\trabalho\codes\poo-pbl-grupo-temp\src\main\java\domain\value_objects\Dinheiro.java. Using fallback presentation compiler.
2026.06.08 10:05:47 INFO  no build target found for C:\Users\Lucas\Documents\trabalho\codes\poo-pbl-grupo-temp\src\main\java\domain\value_objects\Dinheiro.java. Using fallback presentation compiler.
2026.06.08 10:05:47 INFO  no build target found for C:\Users\Lucas\Documents\trabalho\codes\poo-pbl-grupo-temp\src\main\java\domain\value_objects\Dinheiro.java. Using fallback presentation compiler.
2026.06.08 10:05:47 INFO  no build target found for C:\Users\Lucas\Documents\trabalho\codes\poo-pbl-grupo-temp\src\main\java\domain\value_objects\Dinheiro.java. Using fallback presentation compiler.
2026.06.08 10:05:47 INFO  no build target found for C:\Users\Lucas\Documents\trabalho\codes\poo-pbl-grupo-temp\src\main\java\domain\value_objects\Dinheiro.java. Using fallback presentation compiler.
2026.06.08 10:05:48 INFO  no build target found for C:\Users\Lucas\Documents\trabalho\codes\poo-pbl-grupo-temp\src\main\java\domain\value_objects\Dinheiro.java. Using fallback presentation compiler.
2026.06.08 10:05:49 INFO  no build target found for C:\Users\Lucas\Documents\trabalho\codes\poo-pbl-grupo-temp\src\main\java\domain\value_objects\Dinheiro.java. Using fallback presentation compiler.
2026.06.08 10:05:49 INFO  no build target found for C:\Users\Lucas\Documents\trabalho\codes\poo-pbl-grupo-temp\src\main\java\domain\value_objects\Dinheiro.java. Using fallback presentation compiler.
2026.06.08 10:05:51 INFO  no build target found for C:\Users\Lucas\Documents\trabalho\codes\poo-pbl-grupo-temp\src\main\java\domain\value_objects\Dinheiro.java. Using fallback presentation compiler.
2026.06.08 10:05:51 INFO  no build target found for C:\Users\Lucas\Documents\trabalho\codes\poo-pbl-grupo-temp\src\main\java\domain\value_objects\Dinheiro.java. Using fallback presentation compiler.
2026.06.08 10:05:51 WARN  no build target for: C:\Users\Lucas\Documents\trabalho\codes\poo-pbl-grupo-temp\src\main\java\domain\value_objects\Dinheiro.java
2026.06.08 10:05:52 INFO  no build target found for C:\Users\Lucas\Documents\trabalho\codes\poo-pbl-grupo-temp\src\main\java\domain\value_objects\Dinheiro.java. Using fallback presentation compiler.
2026.06.08 10:05:59 INFO  no build target found for C:\Users\Lucas\Documents\trabalho\codes\poo-pbl-grupo-temp\src\test\java\domain\model\GrupoTest.java. Using fallback presentation compiler.
2026.06.08 10:05:59 WARN  no build target for: C:\Users\Lucas\Documents\trabalho\codes\poo-pbl-grupo-temp\src\test\java\domain\model\GrupoTest.java
2026.06.08 10:05:59 INFO  no build target found for C:\Users\Lucas\Documents\trabalho\codes\poo-pbl-grupo-temp\src\test\java\domain\model\GrupoTest.java. Using fallback presentation compiler.
2026.06.08 10:05:59 INFO  no build target found for C:\Users\Lucas\Documents\trabalho\codes\poo-pbl-grupo-temp\src\test\java\domain\model\GrupoTest.java. Using fallback presentation compiler.
2026.06.08 10:05:59 INFO  no build target found for C:\Users\Lucas\Documents\trabalho\codes\poo-pbl-grupo-temp\src\test\java\domain\model\GrupoTest.java. Using fallback presentation compiler.
2026.06.08 10:05:59 INFO  no build target found for C:\Users\Lucas\Documents\trabalho\codes\poo-pbl-grupo-temp\src\test\java\domain\model\GrupoTest.java. Using fallback presentation compiler.
2026.06.08 10:06:04 INFO  no build target found for C:\Users\Lucas\Documents\trabalho\codes\poo-pbl-grupo-temp\src\test\java\domain\model\GrupoTest.java. Using fallback presentation compiler.
2026.06.08 10:06:04 WARN  no build target for: C:\Users\Lucas\Documents\trabalho\codes\poo-pbl-grupo-temp\src\test\java\domain\model\MembroTest.java
2026.06.08 10:06:04 INFO  no build target found for C:\Users\Lucas\Documents\trabalho\codes\poo-pbl-grupo-temp\src\test\java\domain\model\MembroTest.java. Using fallback presentation compiler.
2026.06.08 10:06:04 INFO  no build target found for C:\Users\Lucas\Documents\trabalho\codes\poo-pbl-grupo-temp\src\test\java\domain\model\MembroTest.java. Using fallback presentation compiler.
2026.06.08 10:06:04 INFO  no build target found for C:\Users\Lucas\Documents\trabalho\codes\poo-pbl-grupo-temp\src\test\java\domain\model\MembroTest.java. Using fallback presentation compiler.
2026.06.08 10:06:05 INFO  no build target found for C:\Users\Lucas\Documents\trabalho\codes\poo-pbl-grupo-temp\src\test\java\domain\model\MembroTest.java. Using fallback presentation compiler.
2026.06.08 10:06:04 INFO  no build target found for C:\Users\Lucas\Documents\trabalho\codes\poo-pbl-grupo-temp\src\test\java\domain\model\MembroTest.java. Using fallback presentation compiler.
2026.06.08 10:06:12 INFO  no build target found for C:\Users\Lucas\Documents\trabalho\codes\poo-pbl-grupo-temp\src\test\java\domain\model\MembroTest.java. Using fallback presentation compiler.
2026.06.08 10:06:12 INFO  no build target found for C:\Users\Lucas\Documents\trabalho\codes\poo-pbl-grupo-temp\src\test\java\domain\model\MembroTest.java. Using fallback presentation compiler.
2026.06.08 10:06:13 INFO  no build target found for C:\Users\Lucas\Documents\trabalho\codes\poo-pbl-grupo-temp\src\test\java\domain\model\MembroTest.java. Using fallback presentation compiler.
2026.06.08 10:06:13 INFO  no build target found for C:\Users\Lucas\Documents\trabalho\codes\poo-pbl-grupo-temp\src\test\java\domain\model\MembroTest.java. Using fallback presentation compiler.
2026.06.08 10:06:15 INFO  no build target found for C:\Users\Lucas\Documents\trabalho\codes\poo-pbl-grupo-temp\src\test\java\domain\model\MembroTest.java. Using fallback presentation compiler.
2026.06.08 10:06:15 WARN  no build target for: C:\Users\Lucas\Documents\trabalho\codes\poo-pbl-grupo-temp\src\test\java\domain\strategy\DivisaoTest.java
2026.06.08 10:06:15 INFO  no build target found for C:\Users\Lucas\Documents\trabalho\codes\poo-pbl-grupo-temp\src\test\java\domain\strategy\DivisaoTest.java. Using fallback presentation compiler.
2026.06.08 10:06:15 INFO  no build target found for C:\Users\Lucas\Documents\trabalho\codes\poo-pbl-grupo-temp\src\test\java\domain\strategy\DivisaoTest.java. Using fallback presentation compiler.
2026.06.08 10:06:15 INFO  no build target found for C:\Users\Lucas\Documents\trabalho\codes\poo-pbl-grupo-temp\src\test\java\domain\strategy\DivisaoTest.java. Using fallback presentation compiler.
2026.06.08 10:06:15 INFO  no build target found for C:\Users\Lucas\Documents\trabalho\codes\poo-pbl-grupo-temp\src\test\java\domain\strategy\DivisaoTest.java. Using fallback presentation compiler.
2026.06.08 10:06:15 INFO  no build target found for C:\Users\Lucas\Documents\trabalho\codes\poo-pbl-grupo-temp\src\test\java\domain\strategy\DivisaoTest.java. Using fallback presentation compiler.
2026.06.08 10:06:19 INFO  no build target found for C:\Users\Lucas\Documents\trabalho\codes\poo-pbl-grupo-temp\src\test\java\domain\strategy\DivisaoTest.java. Using fallback presentation compiler.
2026.06.08 10:06:19 INFO  no build target found for C:\Users\Lucas\Documents\trabalho\codes\poo-pbl-grupo-temp\src\test\java\domain\strategy\DivisaoTest.java. Using fallback presentation compiler.
2026.06.08 10:06:21 INFO  no build target found for C:\Users\Lucas\Documents\trabalho\codes\poo-pbl-grupo-temp\src\test\java\domain\strategy\DivisaoTest.java. Using fallback presentation compiler.
2026.06.08 10:06:21 INFO  no build target found for C:\Users\Lucas\Documents\trabalho\codes\poo-pbl-grupo-temp\src\test\java\domain\strategy\DivisaoTest.java. Using fallback presentation compiler.
2026.06.08 10:08:26 INFO  no build target found for C:\Users\Lucas\Documents\trabalho\codes\poo-pbl-grupo-temp\src\test\java\domain\strategy\DivisaoTest.java. Using fallback presentation compiler.
2026.06.08 10:08:26 INFO  no build target found for C:\Users\Lucas\Documents\trabalho\codes\poo-pbl-grupo-temp\src\test\java\domain\strategy\DivisaoTest.java. Using fallback presentation compiler.
2026.06.08 10:08:28 INFO  no build target found for C:\Users\Lucas\Documents\trabalho\codes\poo-pbl-grupo-temp\src\test\java\domain\strategy\DivisaoTest.java. Using fallback presentation compiler.
2026.06.08 10:08:32 INFO  no build target found for C:\Users\Lucas\Documents\trabalho\codes\poo-pbl-grupo-temp\src\test\java\domain\strategy\DivisaoTest.java. Using fallback presentation compiler.
2026.06.08 10:08:38 INFO  no build target found for C:\Users\Lucas\Documents\trabalho\codes\poo-pbl-grupo-temp\src\test\java\domain\strategy\DivisaoTest.java. Using fallback presentation compiler.
2026.06.08 10:08:38 INFO  no build target found for C:\Users\Lucas\Documents\trabalho\codes\poo-pbl-grupo-temp\src\test\java\domain\strategy\DivisaoTest.java. Using fallback presentation compiler.
2026.06.08 10:08:43 INFO  no build target found for C:\Users\Lucas\Documents\trabalho\codes\poo-pbl-grupo-temp\src\test\java\domain\strategy\DivisaoTest.java. Using fallback presentation compiler.
2026.06.08 10:08:46 INFO  no build target found for C:\Users\Lucas\Documents\trabalho\codes\poo-pbl-grupo-temp\src\test\java\domain\strategy\DivisaoTest.java. Using fallback presentation compiler.
2026.06.08 10:08:46 WARN  no build target for: C:\Users\Lucas\Documents\trabalho\codes\poo-pbl-grupo-temp\src\test\java\domain\value_objects\DinheiroTest.java
2026.06.08 10:08:46 INFO  no build target found for C:\Users\Lucas\Documents\trabalho\codes\poo-pbl-grupo-temp\src\test\java\domain\value_objects\DinheiroTest.java. Using fallback presentation compiler.
2026.06.08 10:08:46 INFO  no build target found for C:\Users\Lucas\Documents\trabalho\codes\poo-pbl-grupo-temp\src\test\java\domain\value_objects\DinheiroTest.java. Using fallback presentation compiler.
2026.06.08 10:08:46 INFO  no build target found for C:\Users\Lucas\Documents\trabalho\codes\poo-pbl-grupo-temp\src\test\java\domain\value_objects\DinheiroTest.java. Using fallback presentation compiler.
2026.06.08 10:08:46 INFO  no build target found for C:\Users\Lucas\Documents\trabalho\codes\poo-pbl-grupo-temp\src\test\java\domain\value_objects\DinheiroTest.java. Using fallback presentation compiler.
2026.06.08 10:08:46 INFO  no build target found for C:\Users\Lucas\Documents\trabalho\codes\poo-pbl-grupo-temp\src\test\java\domain\value_objects\DinheiroTest.java. Using fallback presentation compiler.
2026.06.08 10:08:47 INFO  no build target found for C:\Users\Lucas\Documents\trabalho\codes\poo-pbl-grupo-temp\src\test\java\domain\value_objects\DinheiroTest.java. Using fallback presentation compiler.
2026.06.08 10:08:47 INFO  no build target found for C:\Users\Lucas\Documents\trabalho\codes\poo-pbl-grupo-temp\src\test\java\domain\value_objects\DinheiroTest.java. Using fallback presentation compiler.
2026.06.08 10:08:48 INFO  no build target found for C:\Users\Lucas\Documents\trabalho\codes\poo-pbl-grupo-temp\src\test\java\domain\value_objects\DinheiroTest.java. Using fallback presentation compiler.
2026.06.08 10:09:18 INFO  no build target found for C:\Users\Lucas\Documents\trabalho\codes\poo-pbl-grupo-temp\src\main\java\domain\value_objects\Dinheiro.java. Using fallback presentation compiler.
2026.06.08 10:09:18 WARN  no build target for: C:\Users\Lucas\Documents\trabalho\codes\poo-pbl-grupo-temp\src\main\java\domain\value_objects\Dinheiro.java
2026.06.08 10:09:18 INFO  no build target found for C:\Users\Lucas\Documents\trabalho\codes\poo-pbl-grupo-temp\src\main\java\domain\value_objects\Dinheiro.java. Using fallback presentation compiler.
2026.06.08 10:09:21 INFO  no build target found for C:\Users\Lucas\Documents\trabalho\codes\poo-pbl-grupo-temp\src\main\java\domain\value_objects\Dinheiro.java. Using fallback presentation compiler.
2026.06.08 10:09:37 INFO  no build target found for C:\Users\Lucas\Documents\trabalho\codes\poo-pbl-grupo-temp\src\test\java\domain\value_objects\DinheiroTest.java. Using fallback presentation compiler.
2026.06.08 10:09:37 WARN  no build target for: C:\Users\Lucas\Documents\trabalho\codes\poo-pbl-grupo-temp\src\test\java\domain\value_objects\DinheiroTest.java
2026.06.08 10:09:37 INFO  no build target found for C:\Users\Lucas\Documents\trabalho\codes\poo-pbl-grupo-temp\src\test\java\domain\value_objects\DinheiroTest.java. Using fallback presentation compiler.
2026.06.08 10:09:37 INFO  no build target found for C:\Users\Lucas\Documents\trabalho\codes\poo-pbl-grupo-temp\src\test\java\domain\value_objects\DinheiroTest.java. Using fallback presentation compiler.
2026.06.08 10:09:37 INFO  no build target found for C:\Users\Lucas\Documents\trabalho\codes\poo-pbl-grupo-temp\src\test\java\domain\value_objects\DinheiroTest.java. Using fallback presentation compiler.
2026.06.08 10:09:37 INFO  no build target found for C:\Users\Lucas\Documents\trabalho\codes\poo-pbl-grupo-temp\src\test\java\domain\value_objects\DinheiroTest.java. Using fallback presentation compiler.
2026.06.08 10:09:38 WARN  no build target for: C:\Users\Lucas\Documents\trabalho\codes\poo-pbl-grupo-temp\src\test\java\domain\strategy\DivisaoTest.java
2026.06.08 10:09:37 INFO  no build target found for C:\Users\Lucas\Documents\trabalho\codes\poo-pbl-grupo-temp\src\test\java\domain\strategy\DivisaoTest.java. Using fallback presentation compiler.
2026.06.08 10:09:37 INFO  no build target found for C:\Users\Lucas\Documents\trabalho\codes\poo-pbl-grupo-temp\src\test\java\domain\strategy\DivisaoTest.java. Using fallback presentation compiler.
2026.06.08 10:09:38 INFO  no build target found for C:\Users\Lucas\Documents\trabalho\codes\poo-pbl-grupo-temp\src\test\java\domain\strategy\DivisaoTest.java. Using fallback presentation compiler.
2026.06.08 10:09:38 INFO  no build target found for C:\Users\Lucas\Documents\trabalho\codes\poo-pbl-grupo-temp\src\test\java\domain\strategy\DivisaoTest.java. Using fallback presentation compiler.
2026.06.08 10:09:38 INFO  no build target found for C:\Users\Lucas\Documents\trabalho\codes\poo-pbl-grupo-temp\src\test\java\domain\strategy\DivisaoTest.java. Using fallback presentation compiler.
2026.06.08 10:09:38 INFO  no build target found for C:\Users\Lucas\Documents\trabalho\codes\poo-pbl-grupo-temp\src\test\java\domain\strategy\DivisaoTest.java. Using fallback presentation compiler.
2026.06.08 10:09:39 INFO  no build target found for C:\Users\Lucas\Documents\trabalho\codes\poo-pbl-grupo-temp\src\test\java\domain\strategy\DivisaoTest.java. Using fallback presentation compiler.
2026.06.08 10:09:39 WARN  no build target for: C:\Users\Lucas\Documents\trabalho\codes\poo-pbl-grupo-temp\src\test\java\domain\value_objects\DinheiroTest.java
2026.06.08 10:09:39 INFO  no build target found for C:\Users\Lucas\Documents\trabalho\codes\poo-pbl-grupo-temp\src\test\java\domain\value_objects\DinheiroTest.java. Using fallback presentation compiler.
2026.06.08 10:09:39 INFO  no build target found for C:\Users\Lucas\Documents\trabalho\codes\poo-pbl-grupo-temp\src\test\java\domain\value_objects\DinheiroTest.java. Using fallback presentation compiler.
2026.06.08 10:09:39 INFO  no build target found for C:\Users\Lucas\Documents\trabalho\codes\poo-pbl-grupo-temp\src\test\java\domain\value_objects\DinheiroTest.java. Using fallback presentation compiler.
2026.06.08 10:09:40 INFO  no build target found for C:\Users\Lucas\Documents\trabalho\codes\poo-pbl-grupo-temp\src\test\java\domain\value_objects\DinheiroTest.java. Using fallback presentation compiler.
2026.06.08 10:09:39 INFO  no build target found for C:\Users\Lucas\Documents\trabalho\codes\poo-pbl-grupo-temp\src\test\java\domain\value_objects\DinheiroTest.java. Using fallback presentation compiler.
2026.06.08 10:13:05 INFO  no build target found for C:\Users\Lucas\Documents\trabalho\codes\poo-pbl-grupo-temp\src\test\java\domain\value_objects\DinheiroTest.java. Using fallback presentation compiler.
jun. 08, 2026 10:13:05 AM org.eclipse.lsp4j.jsonrpc.RemoteEndpoint handleCancellation
WARNING: Unmatched cancel notification for request id 215
2026.06.08 10:13:09 INFO  no build target found for C:\Users\Lucas\Documents\trabalho\codes\poo-pbl-grupo-temp\src\test\java\domain\value_objects\DinheiroTest.java. Using fallback presentation compiler.
2026.06.08 10:13:09 WARN  no build target for: C:\Users\Lucas\Documents\trabalho\codes\poo-pbl-grupo-temp\src\test\java\domain\strategy\DivisaoTest.java
2026.06.08 10:13:09 INFO  no build target found for C:\Users\Lucas\Documents\trabalho\codes\poo-pbl-grupo-temp\src\test\java\domain\strategy\DivisaoTest.java. Using fallback presentation compiler.
2026.06.08 10:13:09 INFO  no build target found for C:\Users\Lucas\Documents\trabalho\codes\poo-pbl-grupo-temp\src\test\java\domain\strategy\DivisaoTest.java. Using fallback presentation compiler.
2026.06.08 10:13:09 INFO  no build target found for C:\Users\Lucas\Documents\trabalho\codes\poo-pbl-grupo-temp\src\test\java\domain\strategy\DivisaoTest.java. Using fallback presentation compiler.
2026.06.08 10:13:09 INFO  no build target found for C:\Users\Lucas\Documents\trabalho\codes\poo-pbl-grupo-temp\src\test\java\domain\strategy\DivisaoTest.java. Using fallback presentation compiler.
2026.06.08 10:13:10 INFO  no build target found for C:\Users\Lucas\Documents\trabalho\codes\poo-pbl-grupo-temp\src\test\java\domain\strategy\DivisaoTest.java. Using fallback presentation compiler.
2026.06.08 10:13:09 INFO  no build target found for C:\Users\Lucas\Documents\trabalho\codes\poo-pbl-grupo-temp\src\test\java\domain\strategy\DivisaoTest.java. Using fallback presentation compiler.
2026.06.08 10:13:12 INFO  no build target found for C:\Users\Lucas\Documents\trabalho\codes\poo-pbl-grupo-temp\src\test\java\domain\strategy\DivisaoTest.java. Using fallback presentation compiler.
2026.06.08 10:13:12 INFO  no build target found for C:\Users\Lucas\Documents\trabalho\codes\poo-pbl-grupo-temp\src\test\java\domain\strategy\DivisaoTest.java. Using fallback presentation compiler.
2026.06.08 10:13:14 INFO  no build target found for C:\Users\Lucas\Documents\trabalho\codes\poo-pbl-grupo-temp\src\test\java\domain\strategy\DivisaoTest.java. Using fallback presentation compiler.
2026.06.08 10:13:15 INFO  no build target found for C:\Users\Lucas\Documents\trabalho\codes\poo-pbl-grupo-temp\src\test\java\domain\strategy\DivisaoTest.java. Using fallback presentation compiler.
2026.06.08 10:13:15 INFO  no build target found for C:\Users\Lucas\Documents\trabalho\codes\poo-pbl-grupo-temp\src\test\java\domain\strategy\DivisaoTest.java. Using fallback presentation compiler.
2026.06.08 10:13:15 INFO  no build target found for C:\Users\Lucas\Documents\trabalho\codes\poo-pbl-grupo-temp\src\test\java\domain\strategy\DivisaoTest.java. Using fallback presentation compiler.
2026.06.08 10:13:16 INFO  no build target found for C:\Users\Lucas\Documents\trabalho\codes\poo-pbl-grupo-temp\src\test\java\domain\strategy\DivisaoTest.java. Using fallback presentation compiler.
2026.06.08 10:13:16 INFO  no build target found for C:\Users\Lucas\Documents\trabalho\codes\poo-pbl-grupo-temp\src\test\java\domain\strategy\DivisaoTest.java. Using fallback presentation compiler.
2026.06.08 10:13:16 INFO  no build target found for C:\Users\Lucas\Documents\trabalho\codes\poo-pbl-grupo-temp\src\test\java\domain\strategy\DivisaoTest.java. Using fallback presentation compiler.
2026.06.08 10:13:17 INFO  no build target found for C:\Users\Lucas\Documents\trabalho\codes\poo-pbl-grupo-temp\src\test\java\domain\strategy\DivisaoTest.java. Using fallback presentation compiler.
2026.06.08 10:13:24 INFO  no build target found for C:\Users\Lucas\Documents\trabalho\codes\poo-pbl-grupo-temp\src\main\java\domain\value_objects\Dinheiro.java. Using fallback presentation compiler.
2026.06.08 10:13:24 WARN  no build target for: C:\Users\Lucas\Documents\trabalho\codes\poo-pbl-grupo-temp\src\main\java\domain\value_objects\Dinheiro.java
2026.06.08 10:13:24 INFO  no build target found for C:\Users\Lucas\Documents\trabalho\codes\poo-pbl-grupo-temp\src\main\java\domain\value_objects\Dinheiro.java. Using fallback presentation compiler.
2026.06.08 10:13:26 INFO  no build target found for C:\Users\Lucas\Documents\trabalho\codes\poo-pbl-grupo-temp\src\main\java\domain\value_objects\Dinheiro.java. Using fallback presentation compiler.
2026.06.08 10:13:26 INFO  no build target found for C:\Users\Lucas\Documents\trabalho\codes\poo-pbl-grupo-temp\src\main\java\domain\value_objects\Dinheiro.java. Using fallback presentation compiler.
2026.06.08 10:13:29 INFO  no build target found for C:\Users\Lucas\Documents\trabalho\codes\poo-pbl-grupo-temp\src\main\java\domain\value_objects\Dinheiro.java. Using fallback presentation compiler.
2026.06.08 10:13:34 INFO  no build target found for C:\Users\Lucas\Documents\trabalho\codes\poo-pbl-grupo-temp\src\test\java\domain\strategy\DivisaoTest.java. Using fallback presentation compiler.
2026.06.08 10:13:34 WARN  no build target for: C:\Users\Lucas\Documents\trabalho\codes\poo-pbl-grupo-temp\src\test\java\domain\model\MembroTest.java
2026.06.08 10:13:34 INFO  no build target found for C:\Users\Lucas\Documents\trabalho\codes\poo-pbl-grupo-temp\src\test\java\domain\model\MembroTest.java. Using fallback presentation compiler.
2026.06.08 10:13:34 INFO  no build target found for C:\Users\Lucas\Documents\trabalho\codes\poo-pbl-grupo-temp\src\test\java\domain\model\MembroTest.java. Using fallback presentation compiler.
2026.06.08 10:13:34 INFO  no build target found for C:\Users\Lucas\Documents\trabalho\codes\poo-pbl-grupo-temp\src\test\java\domain\model\MembroTest.java. Using fallback presentation compiler.
2026.06.08 10:13:34 INFO  no build target found for C:\Users\Lucas\Documents\trabalho\codes\poo-pbl-grupo-temp\src\test\java\domain\model\MembroTest.java. Using fallback presentation compiler.
2026.06.08 10:13:34 INFO  no build target found for C:\Users\Lucas\Documents\trabalho\codes\poo-pbl-grupo-temp\src\test\java\domain\model\MembroTest.java. Using fallback presentation compiler.
2026.06.08 10:13:36 INFO  no build target found for C:\Users\Lucas\Documents\trabalho\codes\poo-pbl-grupo-temp\src\test\java\domain\model\MembroTest.java. Using fallback presentation compiler.
2026.06.08 10:13:36 WARN  no build target for: C:\Users\Lucas\Documents\trabalho\codes\poo-pbl-grupo-temp\src\test\java\domain\model\GrupoTest.java
2026.06.08 10:13:36 INFO  no build target found for C:\Users\Lucas\Documents\trabalho\codes\poo-pbl-grupo-temp\src\test\java\domain\model\GrupoTest.java. Using fallback presentation compiler.
2026.06.08 10:13:37 INFO  no build target found for C:\Users\Lucas\Documents\trabalho\codes\poo-pbl-grupo-temp\src\test\java\domain\model\GrupoTest.java. Using fallback presentation compiler.
2026.06.08 10:13:36 INFO  no build target found for C:\Users\Lucas\Documents\trabalho\codes\poo-pbl-grupo-temp\src\test\java\domain\model\GrupoTest.java. Using fallback presentation compiler.
2026.06.08 10:13:37 INFO  no build target found for C:\Users\Lucas\Documents\trabalho\codes\poo-pbl-grupo-temp\src\test\java\domain\model\GrupoTest.java. Using fallback presentation compiler.
2026.06.08 10:13:36 INFO  no build target found for C:\Users\Lucas\Documents\trabalho\codes\poo-pbl-grupo-temp\src\test\java\domain\model\GrupoTest.java. Using fallback presentation compiler.
2026.06.08 10:13:39 INFO  no build target found for C:\Users\Lucas\Documents\trabalho\codes\poo-pbl-grupo-temp\src\test\java\domain\model\GrupoTest.java. Using fallback presentation compiler.
2026.06.08 10:13:39 WARN  no build target for: C:\Users\Lucas\Documents\trabalho\codes\poo-pbl-grupo-temp\src\test\java\domain\strategy\DivisaoTest.java
2026.06.08 10:13:39 INFO  no build target found for C:\Users\Lucas\Documents\trabalho\codes\poo-pbl-grupo-temp\src\test\java\domain\strategy\DivisaoTest.java. Using fallback presentation compiler.
2026.06.08 10:13:39 INFO  no build target found for C:\Users\Lucas\Documents\trabalho\codes\poo-pbl-grupo-temp\src\test\java\domain\strategy\DivisaoTest.java. Using fallback presentation compiler.
2026.06.08 10:13:39 INFO  no build target found for C:\Users\Lucas\Documents\trabalho\codes\poo-pbl-grupo-temp\src\test\java\domain\strategy\DivisaoTest.java. Using fallback presentation compiler.
2026.06.08 10:13:39 INFO  no build target found for C:\Users\Lucas\Documents\trabalho\codes\poo-pbl-grupo-temp\src\test\java\domain\strategy\DivisaoTest.java. Using fallback presentation compiler.
2026.06.08 10:13:39 INFO  no build target found for C:\Users\Lucas\Documents\trabalho\codes\poo-pbl-grupo-temp\src\test\java\domain\strategy\DivisaoTest.java. Using fallback presentation compiler.
2026.06.08 10:13:39 INFO  no build target found for C:\Users\Lucas\Documents\trabalho\codes\poo-pbl-grupo-temp\src\test\java\domain\strategy\DivisaoTest.java. Using fallback presentation compiler.
2026.06.08 10:13:40 INFO  no build target found for C:\Users\Lucas\Documents\trabalho\codes\poo-pbl-grupo-temp\src\test\java\domain\strategy\DivisaoTest.java. Using fallback presentation compiler.
2026.06.08 10:13:40 WARN  no build target for: C:\Users\Lucas\Documents\trabalho\codes\poo-pbl-grupo-temp\src\test\java\domain\value_objects\DinheiroTest.java
2026.06.08 10:13:40 INFO  no build target found for C:\Users\Lucas\Documents\trabalho\codes\poo-pbl-grupo-temp\src\test\java\domain\value_objects\DinheiroTest.java. Using fallback presentation compiler.
2026.06.08 10:13:40 INFO  no build target found for C:\Users\Lucas\Documents\trabalho\codes\poo-pbl-grupo-temp\src\test\java\domain\value_objects\DinheiroTest.java. Using fallback presentation compiler.
2026.06.08 10:13:40 INFO  no build target found for C:\Users\Lucas\Documents\trabalho\codes\poo-pbl-grupo-temp\src\test\java\domain\value_objects\DinheiroTest.java. Using fallback presentation compiler.
2026.06.08 10:13:40 INFO  no build target found for C:\Users\Lucas\Documents\trabalho\codes\poo-pbl-grupo-temp\src\test\java\domain\value_objects\DinheiroTest.java. Using fallback presentation compiler.
2026.06.08 10:13:40 INFO  no build target found for C:\Users\Lucas\Documents\trabalho\codes\poo-pbl-grupo-temp\src\test\java\domain\value_objects\DinheiroTest.java. Using fallback presentation compiler.
2026.06.08 10:13:40 INFO  no build target found for C:\Users\Lucas\Documents\trabalho\codes\poo-pbl-grupo-temp\src\test\java\domain\value_objects\DinheiroTest.java. Using fallback presentation compiler.
2026.06.08 10:13:40 WARN  no build target for: C:\Users\Lucas\Documents\trabalho\codes\poo-pbl-grupo-temp\src\test\java\domain\strategy\DivisaoTest.java
2026.06.08 10:13:40 INFO  no build target found for C:\Users\Lucas\Documents\trabalho\codes\poo-pbl-grupo-temp\src\test\java\domain\strategy\DivisaoTest.java. Using fallback presentation compiler.
2026.06.08 10:13:41 INFO  no build target found for C:\Users\Lucas\Documents\trabalho\codes\poo-pbl-grupo-temp\src\test\java\domain\strategy\DivisaoTest.java. Using fallback presentation compiler.
2026.06.08 10:13:41 INFO  no build target found for C:\Users\Lucas\Documents\trabalho\codes\poo-pbl-grupo-temp\src\test\java\domain\strategy\DivisaoTest.java. Using fallback presentation compiler.
2026.06.08 10:13:41 INFO  no build target found for C:\Users\Lucas\Documents\trabalho\codes\poo-pbl-grupo-temp\src\test\java\domain\strategy\DivisaoTest.java. Using fallback presentation compiler.
2026.06.08 10:13:41 INFO  no build target found for C:\Users\Lucas\Documents\trabalho\codes\poo-pbl-grupo-temp\src\test\java\domain\strategy\DivisaoTest.java. Using fallback presentation compiler.
2026.06.08 10:13:41 WARN  no build target for: C:\Users\Lucas\Documents\trabalho\codes\poo-pbl-grupo-temp\src\test\java\domain\value_objects\DinheiroTest.java
2026.06.08 10:13:41 INFO  no build target found for C:\Users\Lucas\Documents\trabalho\codes\poo-pbl-grupo-temp\src\test\java\domain\value_objects\DinheiroTest.java. Using fallback presentation compiler.
2026.06.08 10:13:41 INFO  no build target found for C:\Users\Lucas\Documents\trabalho\codes\poo-pbl-grupo-temp\src\test\java\domain\value_objects\DinheiroTest.java. Using fallback presentation compiler.
2026.06.08 10:13:41 INFO  no build target found for C:\Users\Lucas\Documents\trabalho\codes\poo-pbl-grupo-temp\src\test\java\domain\value_objects\DinheiroTest.java. Using fallback presentation compiler.
2026.06.08 10:13:42 INFO  no build target found for C:\Users\Lucas\Documents\trabalho\codes\poo-pbl-grupo-temp\src\test\java\domain\value_objects\DinheiroTest.java. Using fallback presentation compiler.
2026.06.08 10:13:41 INFO  no build target found for C:\Users\Lucas\Documents\trabalho\codes\poo-pbl-grupo-temp\src\test\java\domain\value_objects\DinheiroTest.java. Using fallback presentation compiler.
2026.06.08 10:13:41 WARN  no build target for: C:\Users\Lucas\Documents\trabalho\codes\poo-pbl-grupo-temp\src\test\java\domain\strategy\DivisaoTest.java
2026.06.08 10:13:41 INFO  no build target found for C:\Users\Lucas\Documents\trabalho\codes\poo-pbl-grupo-temp\src\test\java\domain\strategy\DivisaoTest.java. Using fallback presentation compiler.
2026.06.08 10:13:42 INFO  no build target found for C:\Users\Lucas\Documents\trabalho\codes\poo-pbl-grupo-temp\src\test\java\domain\strategy\DivisaoTest.java. Using fallback presentation compiler.
2026.06.08 10:13:41 INFO  no build target found for C:\Users\Lucas\Documents\trabalho\codes\poo-pbl-grupo-temp\src\test\java\domain\strategy\DivisaoTest.java. Using fallback presentation compiler.
2026.06.08 10:13:42 INFO  no build target found for C:\Users\Lucas\Documents\trabalho\codes\poo-pbl-grupo-temp\src\test\java\domain\strategy\DivisaoTest.java. Using fallback presentation compiler.
2026.06.08 10:13:42 INFO  no build target found for C:\Users\Lucas\Documents\trabalho\codes\poo-pbl-grupo-temp\src\test\java\domain\strategy\DivisaoTest.java. Using fallback presentation compiler.
2026.06.08 10:13:42 INFO  no build target found for C:\Users\Lucas\Documents\trabalho\codes\poo-pbl-grupo-temp\src\test\java\domain\strategy\DivisaoTest.java. Using fallback presentation compiler.
2026.06.08 10:15:19 INFO  no build target found for C:\Users\Lucas\Documents\trabalho\codes\poo-pbl-grupo-temp\src\test\java\domain\strategy\DivisaoTest.java. Using fallback presentation compiler.
2026.06.08 10:15:41 INFO  no build target found for C:\Users\Lucas\Documents\trabalho\codes\poo-pbl-grupo-temp\src\main\java\domain\value_objects\Dinheiro.java. Using fallback presentation compiler.
2026.06.08 10:15:41 WARN  no build target for: C:\Users\Lucas\Documents\trabalho\codes\poo-pbl-grupo-temp\src\main\java\domain\value_objects\Dinheiro.java
2026.06.08 10:15:41 INFO  no build target found for C:\Users\Lucas\Documents\trabalho\codes\poo-pbl-grupo-temp\src\main\java\domain\value_objects\Dinheiro.java. Using fallback presentation compiler.
2026.06.08 10:15:46 INFO  no build target found for c:\Users\Lucas\Documents\trabalho\codes\poo-pbl-grupo-temp\src\main\java\domain\value_objects\Dinheiro.java. Using fallback presentation compiler.
2026.06.08 10:15:46 INFO  no build target found for C:\Users\Lucas\Documents\trabalho\codes\poo-pbl-grupo-temp\src\test\java\domain\strategy\DivisaoTest.java. Using fallback presentation compiler.
2026.06.08 10:15:46 WARN  no build target for: C:\Users\Lucas\Documents\trabalho\codes\poo-pbl-grupo-temp\src\test\java\domain\strategy\DivisaoTest.java
2026.06.08 10:15:46 INFO  no build target found for C:\Users\Lucas\Documents\trabalho\codes\poo-pbl-grupo-temp\src\test\java\domain\strategy\DivisaoTest.java. Using fallback presentation compiler.
2026.06.08 10:15:46 INFO  no build target found for C:\Users\Lucas\Documents\trabalho\codes\poo-pbl-grupo-temp\src\test\java\domain\strategy\DivisaoTest.java. Using fallback presentation compiler.
2026.06.08 10:15:46 INFO  no build target found for C:\Users\Lucas\Documents\trabalho\codes\poo-pbl-grupo-temp\src\test\java\domain\strategy\DivisaoTest.java. Using fallback presentation compiler.
2026.06.08 10:15:46 INFO  no build target found for C:\Users\Lucas\Documents\trabalho\codes\poo-pbl-grupo-temp\src\test\java\domain\strategy\DivisaoTest.java. Using fallback presentation compiler.
2026.06.08 10:15:47 INFO  no build target found for C:\Users\Lucas\Documents\trabalho\codes\poo-pbl-grupo-temp\src\test\java\domain\strategy\DivisaoTest.java. Using fallback presentation compiler.
2026.06.08 10:15:49 INFO  no build target found for C:\Users\Lucas\Documents\trabalho\codes\poo-pbl-grupo-temp\src\test\java\domain\strategy\DivisaoTest.java. Using fallback presentation compiler.
2026.06.08 10:16:39 INFO  no build target found for C:\Users\Lucas\Documents\trabalho\codes\poo-pbl-grupo-temp\src\test\java\domain\strategy\DivisaoTest.java. Using fallback presentation compiler.
2026.06.08 10:16:42 INFO  Shutting down server
2026.06.08 10:16:42 INFO  Memory monitor stopped
2026.06.08 10:16:42 INFO  shutting down Metals
2026.06.08 10:16:42 INFO  Exiting server
